2025-11-13 11:48:56,603 - __main__ - INFO - ============================================================
2025-11-13 11:48:56,603 - __main__ - INFO - SAP RPA - Multi-Scenario Automation System
2025-11-13 11:48:56,603 - __main__ - INFO - ============================================================
2025-11-13 11:48:56,603 - __main__ - INFO - Configuration loaded successfully
2025-11-13 11:48:56,604 - __main__ - INFO - Starting GUI application...
2025-11-13 11:49:40,403 - core.sap_connector - INFO - Connecting to SAP GUI...
2025-11-13 11:49:41,647 - core.sap_connector - INFO - Connected to SAP: PRD Client 250 User JHASH
2025-11-13 11:49:49,517 - workflows.scenario_manager - INFO - Starting batch processing of 1 materials
2025-11-13 11:49:49,517 - workflows.scenario_manager - INFO - Processing 1/1: 713-A75951-002
2025-11-13 11:49:49,518 - workflows.scenario_manager - INFO - ============================================================
2025-11-13 11:49:49,519 - workflows.scenario_manager - INFO - Processing material: 713-A75951-002
2025-11-13 11:49:49,519 - workflows.scenario_manager - INFO - ============================================================
2025-11-13 11:49:49,519 - workflows.scenario_manager - INFO - SCENARIO 1: Attempting MD04 with multiple plants...
2025-11-13 11:49:49,519 - transactions.md04_handler - INFO - Trying multiple plants for 713-A75951-002: ['1000', '2000', '1020', '1900']
2025-11-13 11:49:49,519 - transactions.md04_handler - INFO - Attempting plant 1000...
2025-11-13 11:49:49,519 - transactions.md04_handler - INFO - Processing 713-A75951-002 in plant 1000
2025-11-13 11:49:49,521 - core.sap_connector - ERROR - Session verification failed: (-2147417842, 'The application called an interface that was marshalled for a different thread.', None, None)
2025-11-13 11:49:49,521 - core.sap_connector - ERROR - Cannot navigate: Not connected to SAP
2025-11-13 11:49:49,521 - transactions.md04_handler - WARNING - ✗ MatRes not found in plant 1000, trying next...
2025-11-13 11:49:50,522 - transactions.md04_handler - INFO - Attempting plant 2000...
2025-11-13 11:49:50,522 - transactions.md04_handler - INFO - Processing 713-A75951-002 in plant 2000
2025-11-13 11:49:50,523 - core.sap_connector - ERROR - Session verification failed: (-2147417842, 'The application called an interface that was marshalled for a different thread.', None, None)
2025-11-13 11:49:50,523 - core.sap_connector - ERROR - Cannot navigate: Not connected to SAP
2025-11-13 11:49:50,523 - transactions.md04_handler - WARNING - ✗ MatRes not found in plant 2000, trying next...
2025-11-13 11:49:51,523 - transactions.md04_handler - INFO - Attempting plant 1020...
2025-11-13 11:49:51,524 - transactions.md04_handler - INFO - Processing 713-A75951-002 in plant 1020
2025-11-13 11:49:51,524 - core.sap_connector - ERROR - Session verification failed: (-2147417842, 'The application called an interface that was marshalled for a different thread.', None, None)
2025-11-13 11:49:51,524 - core.sap_connector - ERROR - Cannot navigate: Not connected to SAP
2025-11-13 11:49:51,524 - transactions.md04_handler - WARNING - ✗ MatRes not found in plant 1020, trying next...
2025-11-13 11:49:52,524 - transactions.md04_handler - INFO - Attempting plant 1900...
2025-11-13 11:49:52,525 - transactions.md04_handler - INFO - Processing 713-A75951-002 in plant 1900
2025-11-13 11:49:52,525 - core.sap_connector - ERROR - Session verification failed: (-2147417842, 'The application called an interface that was marshalled for a different thread.', None, None)
2025-11-13 11:49:52,525 - core.sap_connector - ERROR - Cannot navigate: Not connected to SAP
2025-11-13 11:49:52,525 - transactions.md04_handler - WARNING - ✗ MatRes not found in plant 1900, trying next...
2025-11-13 11:49:53,526 - transactions.md04_handler - ERROR - MatRes not found in any plant for 713-A75951-002
2025-11-13 11:49:53,526 - workflows.scenario_manager - INFO - SCENARIO 2: MatRes not found, trying ERF Dashboard...
2025-11-13 11:49:53,527 - workflows.erf_workflow - INFO - ============================================================
2025-11-13 11:49:53,527 - workflows.erf_workflow - INFO - Starting ERF workflow for: 713-A75951-002
2025-11-13 11:49:53,528 - workflows.erf_workflow - INFO - ============================================================
2025-11-13 11:49:53,528 - workflows.erf_workflow - INFO - Setting up Edge WebDriver...
2025-11-13 11:49:54,847 - workflows.erf_workflow - INFO - WebDriver setup successful
2025-11-13 11:49:54,851 - workflows.erf_workflow - INFO - Navigating to ERF Dashboard...
2025-11-13 11:50:04,426 - workflows.erf_workflow - INFO - Clicked ERF Dashboard tab
2025-11-13 11:50:04,426 - workflows.erf_workflow - INFO - Switching to ERF iframe...
2025-11-13 11:50:09,466 - workflows.erf_workflow - INFO - Switched to iframe 1
2025-11-13 11:50:09,494 - workflows.erf_workflow - INFO - Switched to nested iframe
2025-11-13 11:50:09,495 - workflows.erf_workflow - INFO - Searching ERF for material: 713-A75951-002
2025-11-13 11:50:17,299 - workflows.erf_workflow - INFO - Selected 'ALL' from plant dropdown
2025-11-13 11:50:18,004 - workflows.erf_workflow - INFO - Entered material number: 713-A75951-002
2025-11-13 11:50:18,757 - workflows.erf_workflow - INFO - Clicked search button
2025-11-13 11:50:20,787 - workflows.erf_workflow - WARNING - No results found for material
2025-11-13 11:50:22,993 - workflows.erf_workflow - INFO - WebDriver cleaned up
2025-11-13 11:50:22,993 - workflows.scenario_manager - ERROR - ✗ ALL SCENARIOS FAILED: Could not extract data
2025-11-13 11:50:22,994 - workflows.scenario_manager - ERROR - ✗ Failed: 713-A75951-002 - Error: MatRes not found in any plant, ERF fallback also failed
2025-11-13 11:50:22,994 - workflows.scenario_manager - INFO - ============================================================
2025-11-13 11:50:22,994 - workflows.scenario_manager - INFO - PROCESSING STATISTICS
2025-11-13 11:50:22,995 - workflows.scenario_manager - INFO - ============================================================
2025-11-13 11:50:22,995 - workflows.scenario_manager - INFO - Total Processed: 1
2025-11-13 11:50:22,995 - workflows.scenario_manager - INFO - Scenario 1 (MatRes Found): 0
2025-11-13 11:50:22,995 - workflows.scenario_manager - INFO - Scenario 2 (ERF Dashboard): 0
2025-11-13 11:50:22,996 - workflows.scenario_manager - INFO - Scenario 3 (ERF→KO03): 0
2025-11-13 11:50:22,996 - workflows.scenario_manager - INFO - Failures: 1
2025-11-13 11:50:22,996 - workflows.scenario_manager - INFO - Success Rate: 0.0%
2025-11-13 11:50:22,996 - workflows.scenario_manager - INFO - ============================================================
