2025-11-18 03:20:46,850 - __main__ - INFO - ============================================================
2025-11-18 03:20:46,852 - __main__ - INFO - SAP RPA - Multi-Scenario Automation System
2025-11-18 03:20:46,852 - __main__ - INFO - ============================================================
2025-11-18 03:20:46,853 - __main__ - INFO - Configuration loaded successfully
2025-11-18 03:20:46,855 - __main__ - INFO - Starting GUI application...
2025-11-18 03:20:54,990 - core.sap_connector - INFO - Connecting to SAP GUI...
2025-11-18 03:20:57,023 - core.sap_connector - INFO - Connected to SAP: PRD Client 250 User JHASH
2025-11-18 03:21:10,447 - workflows.scenario_manager - INFO - Statistics reset
2025-11-18 03:21:10,456 - workflows.scenario_manager - INFO - ============================================================
2025-11-18 03:21:10,460 - workflows.scenario_manager - INFO - Processing material: 715-A89715-101
2025-11-18 03:21:10,460 - workflows.scenario_manager - INFO - ============================================================
2025-11-18 03:21:10,460 - workflows.scenario_manager - INFO - SCENARIO 1: Attempting MD04 with multiple plants...
2025-11-18 03:21:10,461 - transactions.md04_handler - INFO - Starting robust multi-plant search for 715-A89715-101: ['1000', '2000', '1020', '1900']
2025-11-18 03:21:10,461 - transactions.md04_handler - INFO - Attempting plant 1000 (1/4)...
2025-11-18 03:21:10,481 - core.sap_connector - INFO - Navigating to transaction MD04...
2025-11-18 03:21:15,259 - core.sap_connector - INFO - Successfully navigated to MD04
2025-11-18 03:21:16,324 - transactions.md04_handler - INFO - Entering material number: 715-A89715-101
2025-11-18 03:21:17,439 - transactions.md04_handler - INFO - Setting plant: 1000
2025-11-18 03:21:18,677 - transactions.md04_handler - INFO - Setting MRP area: 1000
2025-11-18 03:21:19,899 - transactions.md04_handler - INFO - Executing MD04 query...
2025-11-18 03:21:23,729 - core.field_manager - INFO - Scanning MD04 results table for 'MatRes'...
2025-11-18 03:21:25,410 - core.field_manager - WARNING - MatRes element not found in the results table.
2025-11-18 03:21:25,552 - transactions.md04_handler - INFO - ✓ PRIORITY 2: Noted 'STPord' found in plant 1000 at row 1, col 2.
2025-11-18 03:21:25,553 - transactions.md04_handler - INFO - Attempting plant 2000 (2/4)...
2025-11-18 03:21:25,559 - core.sap_connector - INFO - Navigating to transaction MD04...
2025-11-18 03:21:29,749 - core.sap_connector - INFO - Successfully navigated to MD04
2025-11-18 03:21:29,751 - transactions.md04_handler - WARNING - Could not select Individual tab: (-2147352567, 'Exception occurred.', (619, 'SAP Frontend Server', 'The control could not be found by id.', 'C:\\Program Files (x86)\\SAP\\FrontEnd\\SAPGUI\\sapfront.HLP', 393215, 0), None)
2025-11-18 03:21:29,753 - transactions.md04_handler - INFO - Attempting plant 1020 (3/4)...
2025-11-18 03:21:29,759 - core.sap_connector - INFO - Navigating to transaction MD04...
2025-11-18 03:21:33,898 - core.sap_connector - INFO - Successfully navigated to MD04
2025-11-18 03:21:33,901 - transactions.md04_handler - WARNING - Could not select Individual tab: (-2147352567, 'Exception occurred.', (619, 'SAP Frontend Server', 'The control could not be found by id.', 'C:\\Program Files (x86)\\SAP\\FrontEnd\\SAPGUI\\sapfront.HLP', 393215, 0), None)
2025-11-18 03:21:33,902 - transactions.md04_handler - INFO - Attempting plant 1900 (4/4)...
2025-11-18 03:21:33,913 - core.sap_connector - INFO - Navigating to transaction MD04...
2025-11-18 03:21:38,006 - core.sap_connector - INFO - Successfully navigated to MD04
2025-11-18 03:21:38,009 - transactions.md04_handler - WARNING - Could not select Individual tab: (-2147352567, 'Exception occurred.', (619, 'SAP Frontend Server', 'The control could not be found by id.', 'C:\\Program Files (x86)\\SAP\\FrontEnd\\SAPGUI\\sapfront.HLP', 393215, 0), None)
2025-11-18 03:21:38,010 - transactions.md04_handler - INFO - Finished all plants. No MatRes found, but returning first plant with 'STPord': 1000.
2025-11-18 03:21:38,011 - workflows.scenario_manager - INFO - SCENARIO 1.5: MatRes not found, but STPord was found in plant 1000. Extracting RPM number...
2025-11-18 03:21:38,012 - workflows.scenario_manager - ERROR - Error processing material 715-A89715-101: 'MD04Handler' object has no attribute 'find_and_extract_rpm_number'
Traceback (most recent call last):
  File "C:\Users\jhash\Documents\SAP_RPA_LR\SAP_RPA_Complete_Project\workflows\scenario_manager.py", line 115, in process_single_material
    rpm_number = self.md04_handler.find_and_extract_rpm_number(
                 ^^^^^^^^^^^^^^^^^^^^^^^^^^^^^^^^^^^^^^^^^^^^^
AttributeError: 'MD04Handler' object has no attribute 'find_and_extract_rpm_number'
2025-11-18 03:21:38,061 - workflows.scenario_manager - ERROR - ✗ Failed: 715-A89715-101 - Error: 'MD04Handler' object has no attribute 'find_and_extract_rpm_number'
2025-11-18 03:21:38,174 - workflows.scenario_manager - INFO - ============================================================
2025-11-18 03:21:38,175 - workflows.scenario_manager - INFO - PROCESSING STATISTICS
2025-11-18 03:21:38,175 - workflows.scenario_manager - INFO - ============================================================
2025-11-18 03:21:38,176 - workflows.scenario_manager - INFO - Total Processed: 1
2025-11-18 03:21:38,176 - workflows.scenario_manager - INFO - Scenario 1 (MatRes Found): 0
2025-11-18 03:21:38,176 - workflows.scenario_manager - INFO - Scenario 2 (ERF Dashboard): 0
2025-11-18 03:21:38,176 - workflows.scenario_manager - INFO - Scenario 3 (ERF→KO03): 0
2025-11-18 03:21:38,177 - workflows.scenario_manager - INFO - Failures: 1
2025-11-18 03:21:38,177 - workflows.scenario_manager - INFO - Success Rate: 0.0%
2025-11-18 03:21:38,177 - workflows.scenario_manager - INFO - ============================================================
2025-11-18 03:21:53,363 - __main__ - INFO - Application interrupted by user
