2025-11-18 03:24:17,254 - __main__ - INFO - ============================================================
2025-11-18 03:24:17,255 - __main__ - INFO - SAP RPA - Multi-Scenario Automation System
2025-11-18 03:24:17,256 - __main__ - INFO - ============================================================
2025-11-18 03:24:17,256 - __main__ - INFO - Configuration loaded successfully
2025-11-18 03:24:17,258 - __main__ - INFO - Starting GUI application...
2025-11-18 03:24:28,435 - core.sap_connector - INFO - Connecting to SAP GUI...
2025-11-18 03:24:30,165 - core.sap_connector - INFO - Connected to SAP: PRD Client 250 User JHASH
2025-11-18 03:24:37,940 - workflows.scenario_manager - INFO - Statistics reset
2025-11-18 03:24:37,952 - workflows.scenario_manager - INFO - ============================================================
2025-11-18 03:24:37,953 - workflows.scenario_manager - INFO - Processing material: 715-A89715-101
2025-11-18 03:24:37,954 - workflows.scenario_manager - INFO - ============================================================
2025-11-18 03:24:37,954 - workflows.scenario_manager - INFO - SCENARIO 1: Attempting MD04 with multiple plants...
2025-11-18 03:24:37,955 - transactions.md04_handler - INFO - Starting robust multi-plant search for 715-A89715-101: ['1000', '2000', '1020', '1900']
2025-11-18 03:24:37,957 - transactions.md04_handler - INFO - Attempting plant 1000 (1/4)...
2025-11-18 03:24:37,977 - core.sap_connector - INFO - Navigating to transaction MD04...
2025-11-18 03:24:42,978 - core.sap_connector - INFO - Successfully navigated to MD04
2025-11-18 03:24:44,034 - transactions.md04_handler - INFO - Entering material number: 715-A89715-101
2025-11-18 03:24:45,136 - transactions.md04_handler - INFO - Setting plant: 1000
2025-11-18 03:24:46,351 - transactions.md04_handler - INFO - Setting MRP area: 1000
2025-11-18 03:24:47,574 - transactions.md04_handler - INFO - Executing MD04 query...
2025-11-18 03:24:51,352 - core.field_manager - INFO - Scanning MD04 results table for 'MatRes'...
2025-11-18 03:24:53,345 - core.field_manager - WARNING - MatRes element not found in the results table.
2025-11-18 03:24:53,528 - transactions.md04_handler - INFO - ✓ PRIORITY 2: Noted 'STPord' found in plant 1000 at row 1, col 2.
2025-11-18 03:24:53,531 - transactions.md04_handler - INFO - Attempting plant 2000 (2/4)...
2025-11-18 03:24:53,538 - core.sap_connector - INFO - Navigating to transaction MD04...
2025-11-18 03:24:57,613 - core.sap_connector - INFO - Successfully navigated to MD04
2025-11-18 03:24:57,616 - transactions.md04_handler - WARNING - Could not select Individual tab: (-2147352567, 'Exception occurred.', (619, 'SAP Frontend Server', 'The control could not be found by id.', 'C:\\Program Files (x86)\\SAP\\FrontEnd\\SAPGUI\\sapfront.HLP', 393215, 0), None)
2025-11-18 03:24:57,616 - transactions.md04_handler - INFO - Attempting plant 1020 (3/4)...
2025-11-18 03:24:57,633 - core.sap_connector - INFO - Navigating to transaction MD04...
2025-11-18 03:25:01,706 - core.sap_connector - INFO - Successfully navigated to MD04
2025-11-18 03:25:01,708 - transactions.md04_handler - WARNING - Could not select Individual tab: (-2147352567, 'Exception occurred.', (619, 'SAP Frontend Server', 'The control could not be found by id.', 'C:\\Program Files (x86)\\SAP\\FrontEnd\\SAPGUI\\sapfront.HLP', 393215, 0), None)
2025-11-18 03:25:01,709 - transactions.md04_handler - INFO - Attempting plant 1900 (4/4)...
2025-11-18 03:25:01,720 - core.sap_connector - INFO - Navigating to transaction MD04...
2025-11-18 03:25:05,904 - core.sap_connector - INFO - Successfully navigated to MD04
2025-11-18 03:25:05,907 - transactions.md04_handler - WARNING - Could not select Individual tab: (-2147352567, 'Exception occurred.', (619, 'SAP Frontend Server', 'The control could not be found by id.', 'C:\\Program Files (x86)\\SAP\\FrontEnd\\SAPGUI\\sapfront.HLP', 393215, 0), None)
2025-11-18 03:25:05,908 - transactions.md04_handler - INFO - Finished all plants. No MatRes found, but returning first plant with 'STPord': 1000.
2025-11-18 03:25:05,910 - workflows.scenario_manager - INFO - SCENARIO 1.5: MatRes not found, but STPord was found in plant 1000. Extracting RPM number...
2025-11-18 03:25:05,911 - transactions.md04_handler - INFO - Attempting to find RPM number for material 715-A89715-101 in specific plant 1000
2025-11-18 03:25:05,921 - core.sap_connector - INFO - Navigating to transaction MD04...
2025-11-18 03:25:10,001 - core.sap_connector - INFO - Successfully navigated to MD04
2025-11-18 03:25:10,004 - transactions.md04_handler - WARNING - Could not select Individual tab: (-2147352567, 'Exception occurred.', (619, 'SAP Frontend Server', 'The control could not be found by id.', 'C:\\Program Files (x86)\\SAP\\FrontEnd\\SAPGUI\\sapfront.HLP', 393215, 0), None)
2025-11-18 03:25:10,006 - workflows.scenario_manager - WARNING - STPord was found in 1000, but failed to extract RPM number.
2025-11-18 03:25:10,007 - workflows.scenario_manager - ERROR - ✗ ALL SCENARIOS FAILED: Could not extract data
2025-11-18 03:25:10,008 - workflows.scenario_manager - ERROR - ✗ Failed: 715-A89715-101 - Error: MatRes not found in any plant, ERF fallback also failed
2025-11-18 03:25:10,119 - workflows.scenario_manager - INFO - ============================================================
2025-11-18 03:25:10,120 - workflows.scenario_manager - INFO - PROCESSING STATISTICS
2025-11-18 03:25:10,121 - workflows.scenario_manager - INFO - ============================================================
2025-11-18 03:25:10,122 - workflows.scenario_manager - INFO - Total Processed: 1
2025-11-18 03:25:10,123 - workflows.scenario_manager - INFO - Scenario 1 (MatRes Found): 0
2025-11-18 03:25:10,124 - workflows.scenario_manager - INFO - Scenario 2 (ERF Dashboard): 0
2025-11-18 03:25:10,125 - workflows.scenario_manager - INFO - Scenario 3 (ERF→KO03): 0
2025-11-18 03:25:10,126 - workflows.scenario_manager - INFO - Failures: 1
2025-11-18 03:25:10,126 - workflows.scenario_manager - INFO - Success Rate: 0.0%
2025-11-18 03:25:10,127 - workflows.scenario_manager - INFO - ============================================================
2025-11-18 03:33:28,140 - __main__ - INFO - Application interrupted by user
