2025-11-22 17:36:23,481 - __main__ - INFO - ============================================================
2025-11-22 17:36:23,482 - __main__ - INFO - SAP RPA - Multi-Scenario Automation System
2025-11-22 17:36:23,482 - __main__ - INFO - ============================================================
2025-11-22 17:36:23,483 - __main__ - INFO - Configuration loaded successfully
2025-11-22 17:36:23,484 - __main__ - INFO - Starting GUI application...
2025-11-22 17:36:34,027 - core.sap_connector - INFO - Connecting to SAP GUI...
2025-11-22 17:36:35,531 - core.sap_connector - INFO - Connected to SAP: PRD Client 250 User JHASH
2025-11-22 17:36:35,617 - core.table_id_cache - INFO - ✓ Loaded table ID cache with 2 known table IDs
2025-11-22 17:36:35,619 - core.table_id_cache - INFO - ✓ Loaded table ID cache with 2 known table IDs
2025-11-22 17:36:42,082 - workflows.scenario_manager - INFO - Statistics reset
2025-11-22 17:36:42,100 - workflows.scenario_manager - INFO - ============================================================
2025-11-22 17:36:42,101 - workflows.scenario_manager - INFO - Processing material: 716-B00710-002
2025-11-22 17:36:42,102 - workflows.scenario_manager - INFO - ============================================================
2025-11-22 17:36:42,102 - workflows.scenario_manager - INFO - SCENARIO 1: Attempting MD04 with optimized multi-plant search...
2025-11-22 17:36:42,103 - transactions.md04_handler - INFO - 🚀 OPTIMIZED multi-plant search for 716-B00710-002: ['1000', '2000', '1020', '1900']
2025-11-22 17:36:42,103 - transactions.md04_handler - INFO - Checking plant 1000 (1/4)...
2025-11-22 17:36:42,117 - core.sap_connector - INFO - Navigating to transaction using robust method: '/nMD04'...
2025-11-22 17:36:46,730 - core.sap_connector - INFO - ✓ Successfully navigated to MD04
2025-11-22 17:36:49,786 - transactions.md04_handler - INFO - Entering material number: 716-B00710-002
2025-11-22 17:36:50,896 - transactions.md04_handler - INFO - Setting plant: 1000
2025-11-22 17:36:52,101 - transactions.md04_handler - INFO - Setting MRP area: 1000
2025-11-22 17:36:53,349 - transactions.md04_handler - INFO - Executing MD04 query...
2025-11-22 17:36:57,167 - core.field_manager - INFO - 🔍 Starting robust MD04 table scan (3-tier detection)...
2025-11-22 17:36:57,168 - core.field_manager - INFO - Trying 2 cached table ID(s)...
2025-11-22 17:36:57,237 - core.field_manager - INFO - ✓ TIER 1 SUCCESS: Using cached table ID
2025-11-22 17:36:57,439 - core.field_manager - INFO - ✓ STPord found at row 1, col 2
2025-11-22 17:36:58,947 - core.field_manager - INFO - ✓ Scan complete: STPord found (PRIORITY 3)
2025-11-22 17:36:58,949 - core.table_id_cache - INFO - ✓ Table ID success recorded (count: 5)
2025-11-22 17:36:58,954 - transactions.md04_handler - INFO - ✓ STPord found in plant 1000 - Extracting RPM immediately!
2025-11-22 17:36:58,954 - transactions.md04_handler - INFO - Extracting RPM from current screen for material 716-B00710-002 at row 1
2025-11-22 17:37:07,306 - transactions.md04_handler - INFO - Requirements table is already visible
2025-11-22 17:37:07,374 - transactions.md04_handler - INFO - Scanning requirements table: 8 rows, 37 columns
2025-11-22 17:37:07,663 - transactions.md04_handler - INFO - ✓ Found ERF/Reqmt No.: 'ERF0641929' at row 0, col 18
2025-11-22 17:37:07,665 - transactions.md04_handler - INFO - ✓ Successfully extracted RPM/ERF number: 641929
2025-11-22 17:37:07,668 - transactions.md04_handler - INFO - ✓ RPM extracted: 641929 - STOPPING search here!
2025-11-22 17:37:07,668 - workflows.scenario_manager - INFO - ✓ RPM number extracted: 641929. Proceeding to ERF Dashboard...
2025-11-22 17:37:07,669 - workflows.erf_workflow - INFO - Starting ERF workflow for material '716-B00710-002' using search term '641929'
2025-11-22 17:37:07,669 - workflows.erf_workflow - INFO - Setting up Edge WebDriver...
2025-11-22 17:37:09,776 - workflows.erf_workflow - INFO - WebDriver setup successful
2025-11-22 17:37:09,776 - workflows.erf_workflow - INFO - Navigating to ERF Dashboard...
2025-11-22 17:37:33,730 - workflows.erf_workflow - INFO - Clicked ERF Dashboard tab
2025-11-22 17:37:33,731 - workflows.erf_workflow - INFO - Switching to ERF iframe...
2025-11-22 17:37:44,177 - workflows.erf_workflow - INFO - Switched to iframe 1
2025-11-22 17:37:44,230 - workflows.erf_workflow - INFO - Switched to nested iframe
2025-11-22 17:37:44,231 - workflows.erf_workflow - INFO - Searching ERF for term: 641929
2025-11-22 17:37:54,236 - workflows.erf_workflow - INFO - Selected 'ALL' from plant dropdown
2025-11-22 17:37:55,179 - workflows.erf_workflow - INFO - Entered search term: 641929
2025-11-22 17:37:56,299 - workflows.erf_workflow - INFO - Clicked search button
2025-11-22 17:37:58,821 - workflows.erf_workflow - INFO - Found and clicked result link
2025-11-22 17:37:58,821 - workflows.erf_workflow - INFO - Extracting ERF data...
2025-11-22 17:38:29,000 - workflows.erf_workflow - ERROR - Error extracting ERF data: Timed out waiting for 'Update/View' page elements to load.
2025-11-22 17:38:31,428 - workflows.erf_workflow - INFO - WebDriver cleaned up
2025-11-22 17:38:31,428 - workflows.scenario_manager - WARNING - RPM 641929 extracted but ERF lookup failed
2025-11-22 17:38:31,429 - workflows.scenario_manager - ERROR - ✗ ALL SCENARIOS FAILED: Could not extract data
2025-11-22 17:38:31,429 - workflows.scenario_manager - ERROR - ✗ Failed: 716-B00710-002 - Error: MatRes not found in any plant, ERF fallback also failed
2025-11-22 17:38:31,580 - workflows.scenario_manager - INFO - ============================================================
2025-11-22 17:38:31,580 - workflows.scenario_manager - INFO - PROCESSING STATISTICS
2025-11-22 17:38:31,581 - workflows.scenario_manager - INFO - ============================================================
2025-11-22 17:38:31,581 - workflows.scenario_manager - INFO - Total Processed: 1
2025-11-22 17:38:31,581 - workflows.scenario_manager - INFO - Scenario 1 (MatRes Found): 0
2025-11-22 17:38:31,582 - workflows.scenario_manager - INFO - Scenario 2 (ERF Dashboard): 0
2025-11-22 17:38:31,582 - workflows.scenario_manager - INFO - Scenario 3 (ERF→KO03): 0
2025-11-22 17:38:31,582 - workflows.scenario_manager - INFO - Failures: 2
2025-11-22 17:38:31,583 - workflows.scenario_manager - INFO - Success Rate: -100.0%
2025-11-22 17:38:31,583 - workflows.scenario_manager - INFO - ============================================================
2025-11-22 17:38:42,729 - __main__ - INFO - Application interrupted by user
