2025-11-22 16:47:57,960 - __main__ - INFO - ============================================================
2025-11-22 16:47:57,960 - __main__ - INFO - SAP RPA - Multi-Scenario Automation System
2025-11-22 16:47:57,961 - __main__ - INFO - ============================================================
2025-11-22 16:47:57,961 - __main__ - INFO - Configuration loaded successfully
2025-11-22 16:47:57,962 - __main__ - INFO - Starting GUI application...
2025-11-22 16:48:15,768 - core.sap_connector - INFO - Connecting to SAP GUI...
2025-11-22 16:48:17,276 - core.sap_connector - INFO - Connected to SAP: PRD Client 250 User JHASH
2025-11-22 16:48:17,405 - core.table_id_cache - INFO - ✓ Loaded table ID cache with 1 known table IDs
2025-11-22 16:48:17,408 - core.table_id_cache - INFO - ✓ Loaded table ID cache with 1 known table IDs
2025-11-22 16:48:23,219 - workflows.scenario_manager - INFO - Statistics reset
2025-11-22 16:48:23,237 - workflows.scenario_manager - INFO - ============================================================
2025-11-22 16:48:23,238 - workflows.scenario_manager - INFO - Processing material: 857-B97453-003
2025-11-22 16:48:23,238 - workflows.scenario_manager - INFO - ============================================================
2025-11-22 16:48:23,239 - workflows.scenario_manager - INFO - SCENARIO 1: Attempting MD04 with optimized multi-plant search...
2025-11-22 16:48:23,239 - transactions.md04_handler - INFO - 🚀 OPTIMIZED multi-plant search for 857-B97453-003: ['1000', '2000', '1020', '1900']
2025-11-22 16:48:23,240 - transactions.md04_handler - INFO - Checking plant 1000 (1/4)...
2025-11-22 16:48:23,250 - core.sap_connector - INFO - Navigating to transaction using robust method: '/nMD04'...
2025-11-22 16:48:27,906 - core.sap_connector - INFO - ✓ Successfully navigated to MD04
2025-11-22 16:48:30,954 - transactions.md04_handler - INFO - Entering material number: 857-B97453-003
2025-11-22 16:48:32,029 - transactions.md04_handler - INFO - Setting plant: 1000
2025-11-22 16:48:33,236 - transactions.md04_handler - INFO - Setting MRP area: 1000
2025-11-22 16:48:34,453 - transactions.md04_handler - INFO - Executing MD04 query...
2025-11-22 16:48:38,338 - core.field_manager - INFO - 🔍 Starting robust MD04 table scan (3-tier detection)...
2025-11-22 16:48:38,339 - core.field_manager - INFO - Trying 1 cached table ID(s)...
2025-11-22 16:48:38,384 - core.field_manager - INFO - ✓ TIER 1 SUCCESS: Using cached table ID
2025-11-22 16:48:38,849 - core.field_manager - INFO - ✓ OrdRes found at row 3, col 2
2025-11-22 16:48:40,356 - core.field_manager - INFO - ✓ Scan complete: OrdRes found (PRIORITY 2)
2025-11-22 16:48:40,358 - core.table_id_cache - INFO - ✓ Table ID success recorded (count: 5)
2025-11-22 16:48:40,361 - transactions.md04_handler - INFO - ✓✓ OrdRes found in plant 1000 - Extracting data immediately!
2025-11-22 16:48:40,361 - transactions.md04_handler - INFO - Extracting OrdRes data from current screen for material 857-B97453-003 at row 3
2025-11-22 16:48:52,859 - transactions.md04_handler - INFO - Pressed item display button
2025-11-22 16:48:56,757 - transactions.md04_handler - INFO - Pressed SHOW toolbar button
2025-11-22 16:48:56,768 - transactions.md04_handler - INFO - Extracted Cost Center: Etch Conductor
2025-11-22 16:48:56,779 - transactions.md04_handler - INFO - Extracted Part Description: CE Sense.i - AKARA BXE (OPEX)
2025-11-22 16:48:56,788 - transactions.md04_handler - INFO - Extracted Order: 231621
2025-11-22 16:48:56,788 - transactions.md04_handler - INFO - ✓ Successfully extracted OrdRes data for 857-B97453-003
2025-11-22 16:48:56,794 - transactions.md04_handler - INFO - ✓ OrdRes data extracted - STOPPING search here!
2025-11-22 16:48:56,795 - workflows.scenario_manager - INFO - ✓ SCENARIO 1 SUCCESS: OrdRes found!
2025-11-22 16:48:56,795 - workflows.scenario_manager - INFO - ✓ Success: 857-B97453-003 - Scenario: MD04_MatRes_Found
2025-11-22 16:48:56,899 - workflows.scenario_manager - INFO - ============================================================
2025-11-22 16:48:56,900 - workflows.scenario_manager - INFO - PROCESSING STATISTICS
2025-11-22 16:48:56,900 - workflows.scenario_manager - INFO - ============================================================
2025-11-22 16:48:56,900 - workflows.scenario_manager - INFO - Total Processed: 1
2025-11-22 16:48:56,900 - workflows.scenario_manager - INFO - Scenario 1 (MatRes Found): 1
2025-11-22 16:48:56,901 - workflows.scenario_manager - INFO - Scenario 2 (ERF Dashboard): 0
2025-11-22 16:48:56,901 - workflows.scenario_manager - INFO - Scenario 3 (ERF→KO03): 0
2025-11-22 16:48:56,901 - workflows.scenario_manager - INFO - Failures: 0
2025-11-22 16:48:56,902 - workflows.scenario_manager - INFO - Success Rate: 100.0%
2025-11-22 16:48:56,902 - workflows.scenario_manager - INFO - ============================================================
2025-11-22 16:49:02,480 - data.excel_manager - INFO - Writing output file: output\SAP_Export_20251122_164902.xlsx
2025-11-22 16:49:02,816 - data.excel_manager - INFO - Successfully created output file: output\SAP_Export_20251122_164902.xlsx
2025-11-22 16:50:08,580 - workflows.scenario_manager - INFO - Statistics reset
2025-11-22 16:50:08,596 - workflows.scenario_manager - INFO - ============================================================
2025-11-22 16:50:08,597 - workflows.scenario_manager - INFO - Processing material: 857-C07072-001
2025-11-22 16:50:08,597 - workflows.scenario_manager - INFO - ============================================================
2025-11-22 16:50:08,598 - workflows.scenario_manager - INFO - SCENARIO 1: Attempting MD04 with optimized multi-plant search...
2025-11-22 16:50:08,599 - transactions.md04_handler - INFO - 🚀 OPTIMIZED multi-plant search for 857-C07072-001: ['1000', '2000', '1020', '1900']
2025-11-22 16:50:08,599 - transactions.md04_handler - INFO - Checking plant 1000 (1/4)...
2025-11-22 16:50:08,610 - core.sap_connector - INFO - Navigating to transaction using robust method: '/nMD04'...
2025-11-22 16:50:13,092 - core.sap_connector - INFO - ✓ Successfully navigated to MD04
2025-11-22 16:50:16,172 - transactions.md04_handler - INFO - Entering material number: 857-C07072-001
2025-11-22 16:50:17,259 - transactions.md04_handler - INFO - Setting plant: 1000
2025-11-22 16:50:18,472 - transactions.md04_handler - INFO - Setting MRP area: 1000
2025-11-22 16:50:19,668 - transactions.md04_handler - INFO - Executing MD04 query...
2025-11-22 16:50:23,569 - core.field_manager - INFO - 🔍 Starting robust MD04 table scan (3-tier detection)...
2025-11-22 16:50:23,570 - core.field_manager - INFO - Trying 1 cached table ID(s)...
2025-11-22 16:50:23,623 - core.field_manager - INFO - ✓ TIER 1 SUCCESS: Using cached table ID
2025-11-22 16:50:24,471 - core.field_manager - INFO - ✓ OrdRes found at row 6, col 2
2025-11-22 16:50:25,732 - core.field_manager - INFO - ✓ Scan complete: OrdRes found (PRIORITY 2)
2025-11-22 16:50:25,735 - core.table_id_cache - INFO - ✓ Table ID success recorded (count: 6)
2025-11-22 16:50:25,738 - transactions.md04_handler - INFO - ✓✓ OrdRes found in plant 1000 - Extracting data immediately!
2025-11-22 16:50:25,739 - transactions.md04_handler - INFO - Extracting OrdRes data from current screen for material 857-C07072-001 at row 6
2025-11-22 16:50:34,515 - transactions.md04_handler - INFO - Pressed item display button
2025-11-22 16:50:38,087 - transactions.md04_handler - INFO - Pressed SHOW toolbar button
2025-11-22 16:50:38,099 - transactions.md04_handler - INFO - Extracted Cost Center: Etch Dielectric
2025-11-22 16:50:38,112 - transactions.md04_handler - INFO - Extracted Part Description: DE Sense.i Vantex CXE
2025-11-22 16:50:38,125 - transactions.md04_handler - INFO - Extracted Order: 232262
2025-11-22 16:50:38,126 - transactions.md04_handler - INFO - ✓ Successfully extracted OrdRes data for 857-C07072-001
2025-11-22 16:50:38,132 - transactions.md04_handler - INFO - ✓ OrdRes data extracted - STOPPING search here!
2025-11-22 16:50:38,133 - workflows.scenario_manager - INFO - ✓ SCENARIO 1 SUCCESS: OrdRes found!
2025-11-22 16:50:38,133 - workflows.scenario_manager - INFO - ✓ Success: 857-C07072-001 - Scenario: MD04_MatRes_Found
2025-11-22 16:50:38,246 - workflows.scenario_manager - INFO - ============================================================
2025-11-22 16:50:38,248 - workflows.scenario_manager - INFO - Processing material: 715-B56784-006
2025-11-22 16:50:38,248 - workflows.scenario_manager - INFO - ============================================================
2025-11-22 16:50:38,249 - workflows.scenario_manager - INFO - SCENARIO 1: Attempting MD04 with optimized multi-plant search...
2025-11-22 16:50:38,250 - transactions.md04_handler - INFO - 🚀 OPTIMIZED multi-plant search for 715-B56784-006: ['1000', '2000', '1020', '1900']
2025-11-22 16:50:38,250 - transactions.md04_handler - INFO - Checking plant 1000 (1/4)...
2025-11-22 16:50:38,259 - core.sap_connector - INFO - Navigating to transaction using robust method: '/nMD04'...
2025-11-22 16:50:42,624 - core.sap_connector - INFO - ✓ Successfully navigated to MD04
2025-11-22 16:50:45,673 - transactions.md04_handler - INFO - Entering material number: 715-B56784-006
2025-11-22 16:50:46,754 - transactions.md04_handler - INFO - Setting plant: 1000
2025-11-22 16:50:47,986 - transactions.md04_handler - INFO - Setting MRP area: 1000
2025-11-22 16:50:49,245 - transactions.md04_handler - INFO - Executing MD04 query...
2025-11-22 16:50:53,087 - core.field_manager - INFO - 🔍 Starting robust MD04 table scan (3-tier detection)...
2025-11-22 16:50:53,087 - core.field_manager - INFO - Trying 1 cached table ID(s)...
2025-11-22 16:50:53,092 - core.field_manager - INFO - ⚠ TIER 1 failed - trying known alternative table IDs...
2025-11-22 16:50:53,093 - core.field_manager - INFO - Trying 6 known table ID pattern(s)...
2025-11-22 16:50:53,140 - core.table_id_cache - INFO - Added known table ID from config
2025-11-22 16:50:53,144 - core.field_manager - INFO - ✓ TIER 2 SUCCESS: Found working table ID
2025-11-22 16:50:54,533 - core.field_manager - WARNING - Scan complete: No MatRes, OrdRes, or STPord found
2025-11-22 16:50:54,536 - core.field_manager - WARNING - ⚠ TIER 2 failed - starting dynamic table discovery...
2025-11-22 16:50:54,536 - core.field_manager - INFO - 🔎 Scanning screen for table controls...
2025-11-22 16:51:00,830 - core.field_manager - INFO - Found 0 potential table control(s) via enumeration
2025-11-22 16:51:00,830 - core.field_manager - INFO - Enumeration failed, trying pattern-based discovery...
2025-11-22 16:51:00,845 - core.field_manager - INFO - Found 0 potential table(s) via patterns
2025-11-22 16:51:00,846 - core.field_manager - ERROR - ✗ ALL TIERS FAILED: Could not find MD04 results table
2025-11-22 16:51:00,847 - core.field_manager - ERROR - This might indicate: (1) No data in MD04, (2) Screen layout error, (3) Different SAP version
2025-11-22 16:51:00,847 - transactions.md04_handler - INFO - No MatRes, OrdRes, or STPord found in plant 1000
2025-11-22 16:51:00,904 - transactions.md04_handler - INFO - Checking plant 2000 (2/4)...
2025-11-22 16:51:00,912 - core.sap_connector - INFO - Navigating to transaction using robust method: '/nMD04'...
2025-11-22 16:51:05,151 - core.sap_connector - INFO - ✓ Successfully navigated to MD04
2025-11-22 16:51:08,209 - transactions.md04_handler - INFO - Entering material number: 715-B56784-006
2025-11-22 16:51:09,295 - transactions.md04_handler - INFO - Setting plant: 2000
2025-11-22 16:51:10,569 - transactions.md04_handler - INFO - Setting MRP area: 1000
2025-11-22 16:51:11,778 - transactions.md04_handler - INFO - Executing MD04 query...
2025-11-22 16:51:15,596 - core.field_manager - INFO - 🔍 Starting robust MD04 table scan (3-tier detection)...
2025-11-22 16:51:15,596 - core.field_manager - INFO - Trying 2 cached table ID(s)...
2025-11-22 16:51:15,654 - core.field_manager - INFO - ✓ TIER 1 SUCCESS: Using cached table ID
2025-11-22 16:51:16,499 - core.field_manager - WARNING - Scan complete: No MatRes, OrdRes, or STPord found
2025-11-22 16:51:16,502 - core.field_manager - INFO - ⚠ TIER 1 failed - trying known alternative table IDs...
2025-11-22 16:51:16,502 - core.field_manager - INFO - Trying 6 known table ID pattern(s)...
2025-11-22 16:51:16,552 - core.field_manager - INFO - ✓ TIER 2 SUCCESS: Found working table ID
2025-11-22 16:51:17,337 - core.field_manager - WARNING - Scan complete: No MatRes, OrdRes, or STPord found
2025-11-22 16:51:17,340 - core.field_manager - WARNING - ⚠ TIER 2 failed - starting dynamic table discovery...
2025-11-22 16:51:17,340 - core.field_manager - INFO - 🔎 Scanning screen for table controls...
2025-11-22 16:51:23,174 - core.field_manager - INFO - Found 0 potential table control(s) via enumeration
2025-11-22 16:51:23,175 - core.field_manager - INFO - Enumeration failed, trying pattern-based discovery...
2025-11-22 16:51:23,189 - core.field_manager - INFO - Found 0 potential table(s) via patterns
2025-11-22 16:51:23,191 - core.field_manager - ERROR - ✗ ALL TIERS FAILED: Could not find MD04 results table
2025-11-22 16:51:23,192 - core.field_manager - ERROR - This might indicate: (1) No data in MD04, (2) Screen layout error, (3) Different SAP version
2025-11-22 16:51:23,192 - transactions.md04_handler - INFO - No MatRes, OrdRes, or STPord found in plant 2000
2025-11-22 16:51:23,251 - transactions.md04_handler - INFO - Checking plant 1020 (3/4)...
2025-11-22 16:51:23,257 - core.sap_connector - INFO - Navigating to transaction using robust method: '/nMD04'...
2025-11-22 16:51:27,432 - core.sap_connector - INFO - ✓ Successfully navigated to MD04
2025-11-22 16:51:30,493 - transactions.md04_handler - INFO - Entering material number: 715-B56784-006
2025-11-22 16:51:31,622 - transactions.md04_handler - INFO - Setting plant: 1020
2025-11-22 16:51:32,834 - transactions.md04_handler - INFO - Setting MRP area: 1000
2025-11-22 16:51:34,016 - transactions.md04_handler - INFO - Executing MD04 query...
2025-11-22 16:51:37,585 - transactions.md04_handler - INFO - MD04 returned no data for plant 1020
2025-11-22 16:51:37,587 - transactions.md04_handler - INFO - Checking plant 1900 (4/4)...
2025-11-22 16:51:37,596 - core.sap_connector - INFO - Navigating to transaction using robust method: '/nMD04'...
2025-11-22 16:51:41,781 - core.sap_connector - INFO - ✓ Successfully navigated to MD04
2025-11-22 16:51:44,846 - transactions.md04_handler - INFO - Entering material number: 715-B56784-006
2025-11-22 16:51:45,943 - transactions.md04_handler - INFO - Setting plant: 1900
2025-11-22 16:51:47,128 - transactions.md04_handler - INFO - Setting MRP area: 1000
2025-11-22 16:51:48,382 - transactions.md04_handler - INFO - Executing MD04 query...
2025-11-22 16:51:51,992 - transactions.md04_handler - INFO - MD04 returned no data for plant 1900
2025-11-22 16:51:51,994 - transactions.md04_handler - WARNING - All 4 plants checked - no MatRes, OrdRes, or STPord found
2025-11-22 16:51:51,995 - workflows.scenario_manager - ERROR - ✗ ALL SCENARIOS FAILED: Could not extract data
2025-11-22 16:51:51,996 - workflows.scenario_manager - ERROR - ✗ Failed: 715-B56784-006 - Error: MatRes not found in any plant, ERF fallback also failed
2025-11-22 16:51:52,117 - workflows.scenario_manager - INFO - ============================================================
2025-11-22 16:51:52,118 - workflows.scenario_manager - INFO - Processing material: 716-B00710-002
2025-11-22 16:51:52,119 - workflows.scenario_manager - INFO - ============================================================
2025-11-22 16:51:52,119 - workflows.scenario_manager - INFO - SCENARIO 1: Attempting MD04 with optimized multi-plant search...
2025-11-22 16:51:52,120 - transactions.md04_handler - INFO - 🚀 OPTIMIZED multi-plant search for 716-B00710-002: ['1000', '2000', '1020', '1900']
2025-11-22 16:51:52,120 - transactions.md04_handler - INFO - Checking plant 1000 (1/4)...
2025-11-22 16:51:52,128 - core.sap_connector - INFO - Navigating to transaction using robust method: '/nMD04'...
2025-11-22 16:51:56,387 - core.sap_connector - INFO - ✓ Successfully navigated to MD04
2025-11-22 16:51:59,456 - transactions.md04_handler - INFO - Entering material number: 716-B00710-002
2025-11-22 16:52:00,545 - transactions.md04_handler - INFO - Setting plant: 1000
2025-11-22 16:52:01,784 - transactions.md04_handler - INFO - Setting MRP area: 1000
2025-11-22 16:52:03,007 - transactions.md04_handler - INFO - Executing MD04 query...
2025-11-22 16:52:06,870 - core.field_manager - INFO - 🔍 Starting robust MD04 table scan (3-tier detection)...
2025-11-22 16:52:06,871 - core.field_manager - INFO - Trying 2 cached table ID(s)...
2025-11-22 16:52:06,930 - core.field_manager - INFO - ✓ TIER 1 SUCCESS: Using cached table ID
2025-11-22 16:52:07,135 - core.field_manager - INFO - ✓ STPord found at row 1, col 2
2025-11-22 16:52:08,437 - core.field_manager - INFO - ✓ Scan complete: STPord found (PRIORITY 3)
2025-11-22 16:52:08,439 - core.table_id_cache - INFO - ✓ Table ID success recorded (count: 1)
2025-11-22 16:52:08,442 - transactions.md04_handler - INFO - ✓ STPord found in plant 1000 - Extracting RPM immediately!
2025-11-22 16:52:08,442 - transactions.md04_handler - INFO - Extracting RPM from current screen for material 716-B00710-002 at row 1
2025-11-22 16:52:16,417 - transactions.md04_handler - INFO - Expanding requirements table...
2025-11-22 16:52:19,392 - transactions.md04_handler - WARNING - Requirements table found but no RPM number detected
2025-11-22 16:52:19,393 - transactions.md04_handler - WARNING - STPord found but RPM extraction failed in plant 1000
2025-11-22 16:52:19,394 - transactions.md04_handler - INFO - Checking plant 2000 (2/4)...
2025-11-22 16:52:19,400 - core.sap_connector - INFO - Navigating to transaction using robust method: '/nMD04'...
2025-11-22 16:52:23,727 - core.sap_connector - INFO - ✓ Successfully navigated to MD04
2025-11-22 16:52:26,778 - transactions.md04_handler - INFO - Entering material number: 716-B00710-002
2025-11-22 16:52:27,860 - transactions.md04_handler - INFO - Setting plant: 2000
2025-11-22 16:52:29,059 - transactions.md04_handler - INFO - Setting MRP area: 1000
2025-11-22 16:52:30,290 - transactions.md04_handler - INFO - Executing MD04 query...
2025-11-22 16:52:34,064 - core.field_manager - INFO - 🔍 Starting robust MD04 table scan (3-tier detection)...
2025-11-22 16:52:34,065 - core.field_manager - INFO - Trying 2 cached table ID(s)...
2025-11-22 16:52:34,113 - core.field_manager - INFO - ✓ TIER 1 SUCCESS: Using cached table ID
2025-11-22 16:52:34,847 - core.field_manager - WARNING - Scan complete: No MatRes, OrdRes, or STPord found
2025-11-22 16:52:34,849 - core.field_manager - INFO - ⚠ TIER 1 failed - trying known alternative table IDs...
2025-11-22 16:52:34,850 - core.field_manager - INFO - Trying 6 known table ID pattern(s)...
2025-11-22 16:52:34,900 - core.field_manager - INFO - ✓ TIER 2 SUCCESS: Found working table ID
2025-11-22 16:52:35,697 - core.field_manager - WARNING - Scan complete: No MatRes, OrdRes, or STPord found
2025-11-22 16:52:35,699 - core.field_manager - WARNING - ⚠ TIER 2 failed - starting dynamic table discovery...
2025-11-22 16:52:35,699 - core.field_manager - INFO - 🔎 Scanning screen for table controls...
2025-11-22 16:52:42,104 - core.field_manager - INFO - Found 0 potential table control(s) via enumeration
2025-11-22 16:52:42,104 - core.field_manager - INFO - Enumeration failed, trying pattern-based discovery...
2025-11-22 16:52:42,124 - core.field_manager - INFO - Found 0 potential table(s) via patterns
2025-11-22 16:52:42,127 - core.field_manager - ERROR - ✗ ALL TIERS FAILED: Could not find MD04 results table
2025-11-22 16:52:42,130 - core.field_manager - ERROR - This might indicate: (1) No data in MD04, (2) Screen layout error, (3) Different SAP version
2025-11-22 16:52:42,139 - transactions.md04_handler - INFO - No MatRes, OrdRes, or STPord found in plant 2000
2025-11-22 16:52:42,216 - transactions.md04_handler - INFO - Checking plant 1020 (3/4)...
2025-11-22 16:52:42,228 - core.sap_connector - INFO - Navigating to transaction using robust method: '/nMD04'...
2025-11-22 16:52:46,709 - core.sap_connector - INFO - ✓ Successfully navigated to MD04
2025-11-22 16:52:49,755 - transactions.md04_handler - INFO - Entering material number: 716-B00710-002
2025-11-22 16:52:50,851 - transactions.md04_handler - INFO - Setting plant: 1020
2025-11-22 16:52:52,060 - transactions.md04_handler - INFO - Setting MRP area: 1000
2025-11-22 16:52:53,262 - transactions.md04_handler - INFO - Executing MD04 query...
2025-11-22 16:52:56,851 - transactions.md04_handler - INFO - MD04 returned no data for plant 1020
2025-11-22 16:52:56,851 - transactions.md04_handler - INFO - Checking plant 1900 (4/4)...
2025-11-22 16:52:56,861 - core.sap_connector - INFO - Navigating to transaction using robust method: '/nMD04'...
2025-11-22 16:53:01,283 - core.sap_connector - INFO - ✓ Successfully navigated to MD04
2025-11-22 16:53:04,320 - transactions.md04_handler - INFO - Entering material number: 716-B00710-002
2025-11-22 16:53:05,701 - transactions.md04_handler - INFO - Setting plant: 1900
2025-11-22 16:53:06,913 - transactions.md04_handler - INFO - Setting MRP area: 1000
2025-11-22 16:53:08,138 - transactions.md04_handler - INFO - Executing MD04 query...
2025-11-22 16:53:11,714 - transactions.md04_handler - INFO - MD04 returned no data for plant 1900
2025-11-22 16:53:11,715 - transactions.md04_handler - WARNING - All 4 plants checked - no MatRes, OrdRes, or STPord found
2025-11-22 16:53:11,715 - workflows.scenario_manager - ERROR - ✗ ALL SCENARIOS FAILED: Could not extract data
2025-11-22 16:53:11,716 - workflows.scenario_manager - ERROR - ✗ Failed: 716-B00710-002 - Error: MatRes not found in any plant, ERF fallback also failed
2025-11-22 16:53:11,818 - workflows.scenario_manager - INFO - ============================================================
2025-11-22 16:53:11,818 - workflows.scenario_manager - INFO - Processing material: 722-C09941-001
2025-11-22 16:53:11,819 - workflows.scenario_manager - INFO - ============================================================
2025-11-22 16:53:11,819 - workflows.scenario_manager - INFO - SCENARIO 1: Attempting MD04 with optimized multi-plant search...
2025-11-22 16:53:11,820 - transactions.md04_handler - INFO - 🚀 OPTIMIZED multi-plant search for 722-C09941-001: ['1000', '2000', '1020', '1900']
2025-11-22 16:53:11,820 - transactions.md04_handler - INFO - Checking plant 1000 (1/4)...
2025-11-22 16:53:11,827 - core.sap_connector - INFO - Navigating to transaction using robust method: '/nMD04'...
2025-11-22 16:53:15,905 - core.sap_connector - INFO - ✓ Successfully navigated to MD04
2025-11-22 16:53:19,000 - transactions.md04_handler - INFO - Entering material number: 722-C09941-001
2025-11-22 16:53:20,104 - transactions.md04_handler - INFO - Setting plant: 1000
2025-11-22 16:53:21,345 - transactions.md04_handler - INFO - Setting MRP area: 1000
2025-11-22 16:53:22,673 - transactions.md04_handler - INFO - Executing MD04 query...
2025-11-22 16:53:26,634 - core.field_manager - INFO - 🔍 Starting robust MD04 table scan (3-tier detection)...
2025-11-22 16:53:26,635 - core.field_manager - INFO - Trying 2 cached table ID(s)...
2025-11-22 16:53:26,714 - core.field_manager - INFO - ✓ TIER 1 SUCCESS: Using cached table ID
2025-11-22 16:53:26,955 - core.field_manager - INFO - ✓ STPord found at row 1, col 2
2025-11-22 16:53:28,553 - core.field_manager - INFO - ✓ Scan complete: STPord found (PRIORITY 3)
2025-11-22 16:53:28,556 - core.table_id_cache - INFO - ✓ Table ID success recorded (count: 2)
2025-11-22 16:53:28,559 - transactions.md04_handler - INFO - ✓ STPord found in plant 1000 - Extracting RPM immediately!
2025-11-22 16:53:28,560 - transactions.md04_handler - INFO - Extracting RPM from current screen for material 722-C09941-001 at row 1
2025-11-22 16:53:37,030 - transactions.md04_handler - INFO - Expanding requirements table...
2025-11-22 16:53:39,976 - transactions.md04_handler - WARNING - Requirements table found but no RPM number detected
2025-11-22 16:53:39,978 - transactions.md04_handler - WARNING - STPord found but RPM extraction failed in plant 1000
2025-11-22 16:53:39,979 - transactions.md04_handler - INFO - Checking plant 2000 (2/4)...
2025-11-22 16:53:39,990 - core.sap_connector - INFO - Navigating to transaction using robust method: '/nMD04'...
2025-11-22 16:53:44,280 - core.sap_connector - INFO - ✓ Successfully navigated to MD04
2025-11-22 16:53:47,333 - transactions.md04_handler - INFO - Entering material number: 722-C09941-001
2025-11-22 16:53:48,425 - transactions.md04_handler - INFO - Setting plant: 2000
2025-11-22 16:53:49,639 - transactions.md04_handler - INFO - Setting MRP area: 1000
2025-11-22 16:53:50,903 - transactions.md04_handler - INFO - Executing MD04 query...
2025-11-22 16:53:54,957 - core.field_manager - INFO - 🔍 Starting robust MD04 table scan (3-tier detection)...
2025-11-22 16:53:54,958 - core.field_manager - INFO - Trying 2 cached table ID(s)...
2025-11-22 16:53:55,035 - core.field_manager - INFO - ✓ TIER 1 SUCCESS: Using cached table ID
2025-11-22 16:53:56,256 - core.field_manager - WARNING - Scan complete: No MatRes, OrdRes, or STPord found
2025-11-22 16:53:56,259 - core.field_manager - INFO - ⚠ TIER 1 failed - trying known alternative table IDs...
2025-11-22 16:53:56,260 - core.field_manager - INFO - Trying 6 known table ID pattern(s)...
2025-11-22 16:53:56,350 - core.field_manager - INFO - ✓ TIER 2 SUCCESS: Found working table ID
2025-11-22 16:53:57,463 - core.field_manager - WARNING - Scan complete: No MatRes, OrdRes, or STPord found
2025-11-22 16:53:57,466 - core.field_manager - WARNING - ⚠ TIER 2 failed - starting dynamic table discovery...
2025-11-22 16:53:57,467 - core.field_manager - INFO - 🔎 Scanning screen for table controls...
2025-11-22 16:53:58,779 - workflows.scenario_manager - ERROR - ✗ Failed: 722-C09941-001 - Error: 
2025-11-22 16:53:59,012 - __main__ - INFO - Application interrupted by user
