2025-11-18 02:57:51,312 - __main__ - INFO - ============================================================
2025-11-18 02:57:51,313 - __main__ - INFO - SAP RPA - Multi-Scenario Automation System
2025-11-18 02:57:51,314 - __main__ - INFO - ============================================================
2025-11-18 02:57:51,315 - __main__ - INFO - Configuration loaded successfully
2025-11-18 02:57:51,317 - __main__ - INFO - Starting GUI application...
2025-11-18 02:58:00,699 - core.sap_connector - INFO - Connecting to SAP GUI...
2025-11-18 02:58:02,679 - core.sap_connector - INFO - Connected to SAP: PRD Client 250 User JHASH
2025-11-18 02:58:19,578 - workflows.scenario_manager - INFO - Statistics reset
2025-11-18 02:58:19,596 - workflows.scenario_manager - INFO - ============================================================
2025-11-18 02:58:19,596 - workflows.scenario_manager - INFO - Processing material: 715-A89715-101
2025-11-18 02:58:19,597 - workflows.scenario_manager - INFO - ============================================================
2025-11-18 02:58:19,598 - workflows.scenario_manager - INFO - SCENARIO 1: Attempting MD04 with multiple plants...
2025-11-18 02:58:19,598 - transactions.md04_handler - INFO - Trying multiple plants for 715-A89715-101: ['1000', '2000', '1020', '1900']
2025-11-18 02:58:19,615 - core.sap_connector - INFO - Navigating to transaction MD04...
2025-11-18 02:58:24,920 - core.sap_connector - INFO - Successfully navigated to MD04
2025-11-18 02:58:24,924 - transactions.md04_handler - INFO - Attempting plant 1000 (1/4)...
2025-11-18 02:58:25,996 - transactions.md04_handler - INFO - Entering material number: 715-A89715-101
2025-11-18 02:58:27,104 - transactions.md04_handler - INFO - Setting plant: 1000
2025-11-18 02:58:28,311 - transactions.md04_handler - INFO - Setting MRP area: 1000
2025-11-18 02:58:29,524 - transactions.md04_handler - INFO - Executing MD04 query...
2025-11-18 02:58:33,303 - core.field_manager - INFO - Scanning for MatRes element...
2025-11-18 02:58:47,206 - core.field_manager - WARNING - MatRes element not found
2025-11-18 02:58:47,207 - transactions.md04_handler - WARNING - ✗ MatRes not found in plant 1000, trying next...
2025-11-18 02:58:50,732 - transactions.md04_handler - INFO - Attempting plant 2000 (2/4)...
2025-11-18 02:58:50,734 - transactions.md04_handler - WARNING - Navigation state is uncertain. Recovering by navigating to /nMD04.
2025-11-18 02:58:50,745 - core.sap_connector - INFO - Navigating to transaction MD04...
2025-11-18 02:58:55,600 - core.sap_connector - INFO - Successfully navigated to MD04
2025-11-18 02:58:56,647 - transactions.md04_handler - INFO - Entering material number: 715-A89715-101
2025-11-18 02:58:57,749 - transactions.md04_handler - INFO - Setting plant: 2000
2025-11-18 02:58:58,950 - transactions.md04_handler - INFO - Setting MRP area: 2000
2025-11-18 02:59:00,144 - transactions.md04_handler - INFO - Executing MD04 query...
2025-11-18 02:59:04,029 - core.field_manager - INFO - Scanning for MatRes element...
2025-11-18 02:59:14,901 - core.field_manager - WARNING - MatRes element not found
2025-11-18 02:59:14,903 - transactions.md04_handler - WARNING - ✗ MatRes not found in plant 2000, trying next...
2025-11-18 02:59:18,414 - transactions.md04_handler - INFO - Attempting plant 1020 (3/4)...
2025-11-18 02:59:18,416 - transactions.md04_handler - WARNING - Navigation state is uncertain. Recovering by navigating to /nMD04.
2025-11-18 02:59:18,426 - core.sap_connector - INFO - Navigating to transaction MD04...
2025-11-18 02:59:23,260 - core.sap_connector - INFO - Successfully navigated to MD04
2025-11-18 02:59:24,307 - transactions.md04_handler - INFO - Entering material number: 715-A89715-101
2025-11-18 02:59:25,387 - transactions.md04_handler - INFO - Setting plant: 1020
2025-11-18 02:59:26,579 - transactions.md04_handler - INFO - Setting MRP area: 1020
2025-11-18 02:59:27,756 - transactions.md04_handler - INFO - Executing MD04 query...
2025-11-18 02:59:31,282 - core.field_manager - INFO - Scanning for MatRes element...
2025-11-18 02:59:35,938 - core.field_manager - WARNING - MatRes element not found
2025-11-18 02:59:35,939 - transactions.md04_handler - WARNING - ✗ MatRes not found in plant 1020, trying next...
2025-11-18 02:59:39,462 - transactions.md04_handler - INFO - Attempting plant 1900 (4/4)...
2025-11-18 02:59:39,465 - transactions.md04_handler - WARNING - Navigation state is uncertain. Recovering by navigating to /nMD04.
2025-11-18 02:59:39,476 - core.sap_connector - INFO - Navigating to transaction MD04...
2025-11-18 02:59:44,355 - core.sap_connector - INFO - Successfully navigated to MD04
2025-11-18 02:59:45,421 - transactions.md04_handler - INFO - Entering material number: 715-A89715-101
2025-11-18 02:59:46,526 - transactions.md04_handler - INFO - Setting plant: 1900
2025-11-18 02:59:47,748 - transactions.md04_handler - INFO - Setting MRP area: 1900
2025-11-18 02:59:48,963 - transactions.md04_handler - INFO - Executing MD04 query...
2025-11-18 02:59:52,532 - core.field_manager - INFO - Scanning for MatRes element...
2025-11-18 02:59:56,981 - core.field_manager - WARNING - MatRes element not found
2025-11-18 02:59:56,983 - transactions.md04_handler - WARNING - ✗ MatRes not found in plant 1900, trying next...
2025-11-18 03:00:00,542 - transactions.md04_handler - ERROR - MatRes not found in any of the specified plants for 715-A89715-101
2025-11-18 03:00:00,543 - workflows.scenario_manager - INFO - SCENARIO 1.5: MatRes not found, trying to find RPM number in MD04...
2025-11-18 03:00:00,543 - workflows.scenario_manager - ERROR - Error processing material 715-A89715-101: 'MD04Handler' object has no attribute 'find_and_extract_rpm_number'
Traceback (most recent call last):
  File "C:\Users\jhash\Documents\SAP_RPA_LR\SAP_RPA_Complete_Project\workflows\scenario_manager.py", line 115, in process_single_material
    rpm_number = self.md04_handler.find_and_extract_rpm_number(material_number)
                 ^^^^^^^^^^^^^^^^^^^^^^^^^^^^^^^^^^^^^^^^^^^^^
AttributeError: 'MD04Handler' object has no attribute 'find_and_extract_rpm_number'
2025-11-18 03:00:00,581 - workflows.scenario_manager - ERROR - ✗ Failed: 715-A89715-101 - Error: 'MD04Handler' object has no attribute 'find_and_extract_rpm_number'
2025-11-18 03:00:00,685 - workflows.scenario_manager - INFO - ============================================================
2025-11-18 03:00:00,686 - workflows.scenario_manager - INFO - PROCESSING STATISTICS
2025-11-18 03:00:00,687 - workflows.scenario_manager - INFO - ============================================================
2025-11-18 03:00:00,687 - workflows.scenario_manager - INFO - Total Processed: 1
2025-11-18 03:00:00,688 - workflows.scenario_manager - INFO - Scenario 1 (MatRes Found): 0
2025-11-18 03:00:00,688 - workflows.scenario_manager - INFO - Scenario 2 (ERF Dashboard): 0
2025-11-18 03:00:00,689 - workflows.scenario_manager - INFO - Scenario 3 (ERF→KO03): 0
2025-11-18 03:00:00,689 - workflows.scenario_manager - INFO - Failures: 1
2025-11-18 03:00:00,689 - workflows.scenario_manager - INFO - Success Rate: 0.0%
2025-11-18 03:00:00,690 - workflows.scenario_manager - INFO - ============================================================
2025-11-18 03:09:48,948 - __main__ - INFO - Application interrupted by user
