2025-11-18 03:10:05,995 - __main__ - INFO - ============================================================
2025-11-18 03:10:05,996 - __main__ - INFO - SAP RPA - Multi-Scenario Automation System
2025-11-18 03:10:05,997 - __main__ - INFO - ============================================================
2025-11-18 03:10:05,998 - __main__ - INFO - Configuration loaded successfully
2025-11-18 03:10:05,999 - __main__ - INFO - Starting GUI application...
2025-11-18 03:10:11,444 - core.sap_connector - INFO - Connecting to SAP GUI...
2025-11-18 03:10:13,377 - core.sap_connector - INFO - Connected to SAP: PRD Client 250 User JHASH
2025-11-18 03:10:21,383 - workflows.scenario_manager - INFO - Statistics reset
2025-11-18 03:10:21,393 - workflows.scenario_manager - INFO - ============================================================
2025-11-18 03:10:21,394 - workflows.scenario_manager - INFO - Processing material: 715-A89715-101
2025-11-18 03:10:21,394 - workflows.scenario_manager - INFO - ============================================================
2025-11-18 03:10:21,394 - workflows.scenario_manager - INFO - SCENARIO 1: Attempting MD04 with multiple plants...
2025-11-18 03:10:21,395 - transactions.md04_handler - INFO - Trying multiple plants for 715-A89715-101: ['1000', '2000', '1020', '1900']
2025-11-18 03:10:21,408 - core.sap_connector - INFO - Navigating to transaction MD04...
2025-11-18 03:10:26,213 - core.sap_connector - INFO - Successfully navigated to MD04
2025-11-18 03:10:26,214 - transactions.md04_handler - INFO - Attempting plant 1000 (1/4)...
2025-11-18 03:10:27,245 - transactions.md04_handler - INFO - Entering material number: 715-A89715-101
2025-11-18 03:10:28,516 - transactions.md04_handler - INFO - Setting plant: 1000
2025-11-18 03:10:29,732 - transactions.md04_handler - INFO - Setting MRP area: 1000
2025-11-18 03:10:30,991 - transactions.md04_handler - INFO - Executing MD04 query...
2025-11-18 03:10:34,700 - core.field_manager - INFO - Scanning for MatRes element...
2025-11-18 03:10:41,999 - core.field_manager - WARNING - MatRes element not found
2025-11-18 03:10:45,647 - transactions.md04_handler - INFO - Attempting plant 2000 (2/4)...
2025-11-18 03:10:45,650 - transactions.md04_handler - WARNING - Navigation state is uncertain. Recovering by navigating to /nMD04.
2025-11-18 03:10:45,661 - core.sap_connector - INFO - Navigating to transaction MD04...
2025-11-18 03:10:50,627 - core.sap_connector - INFO - Successfully navigated to MD04
2025-11-18 03:10:51,678 - transactions.md04_handler - INFO - Entering material number: 715-A89715-101
2025-11-18 03:10:52,793 - transactions.md04_handler - INFO - Setting plant: 2000
2025-11-18 03:10:54,010 - transactions.md04_handler - INFO - Setting MRP area: 2000
2025-11-18 03:10:55,259 - transactions.md04_handler - INFO - Executing MD04 query...
2025-11-18 03:10:59,001 - core.field_manager - INFO - Scanning for MatRes element...
2025-11-18 03:11:04,626 - core.field_manager - WARNING - MatRes element not found
2025-11-18 03:11:04,677 - transactions.md04_handler - ERROR - An unexpected exception occurred while trying plant 2000: (-2147352567, 'Exception occurred.', (613, 'SAP Frontend Server', 'The method got an invalid argument.', 'C:\\Program Files (x86)\\SAP\\FrontEnd\\SAPGUI\\sapfront.HLP', 393215, 0), None)
2025-11-18 03:11:04,679 - transactions.md04_handler - INFO - Attempting plant 1020 (3/4)...
2025-11-18 03:11:04,681 - transactions.md04_handler - WARNING - Navigation state is uncertain. Recovering by navigating to /nMD04.
2025-11-18 03:11:04,688 - core.sap_connector - INFO - Navigating to transaction MD04...
2025-11-18 03:11:08,753 - core.sap_connector - INFO - Successfully navigated to MD04
2025-11-18 03:11:08,756 - transactions.md04_handler - WARNING - Could not select Individual tab: (-2147352567, 'Exception occurred.', (619, 'SAP Frontend Server', 'The control could not be found by id.', 'C:\\Program Files (x86)\\SAP\\FrontEnd\\SAPGUI\\sapfront.HLP', 393215, 0), None)
2025-11-18 03:11:08,757 - transactions.md04_handler - INFO - Attempting plant 1900 (4/4)...
2025-11-18 03:11:08,760 - transactions.md04_handler - WARNING - Navigation state is uncertain. Recovering by navigating to /nMD04.
2025-11-18 03:11:08,779 - core.sap_connector - INFO - Navigating to transaction MD04...
2025-11-18 03:11:12,961 - core.sap_connector - INFO - Successfully navigated to MD04
2025-11-18 03:11:12,964 - transactions.md04_handler - WARNING - Could not select Individual tab: (-2147352567, 'Exception occurred.', (619, 'SAP Frontend Server', 'The control could not be found by id.', 'C:\\Program Files (x86)\\SAP\\FrontEnd\\SAPGUI\\sapfront.HLP', 393215, 0), None)
2025-11-18 03:11:12,968 - transactions.md04_handler - ERROR - MatRes and STPord not found in any of the specified plants for 715-A89715-101
2025-11-18 03:11:12,971 - workflows.scenario_manager - ERROR - ✗ ALL SCENARIOS FAILED: Could not extract data
2025-11-18 03:11:12,971 - workflows.scenario_manager - ERROR - ✗ Failed: 715-A89715-101 - Error: MatRes not found in any plant, ERF fallback also failed
2025-11-18 03:11:13,080 - workflows.scenario_manager - INFO - ============================================================
2025-11-18 03:11:13,081 - workflows.scenario_manager - INFO - PROCESSING STATISTICS
2025-11-18 03:11:13,081 - workflows.scenario_manager - INFO - ============================================================
2025-11-18 03:11:13,081 - workflows.scenario_manager - INFO - Total Processed: 1
2025-11-18 03:11:13,082 - workflows.scenario_manager - INFO - Scenario 1 (MatRes Found): 0
2025-11-18 03:11:13,082 - workflows.scenario_manager - INFO - Scenario 2 (ERF Dashboard): 0
2025-11-18 03:11:13,082 - workflows.scenario_manager - INFO - Scenario 3 (ERF→KO03): 0
2025-11-18 03:11:13,083 - workflows.scenario_manager - INFO - Failures: 1
2025-11-18 03:11:13,083 - workflows.scenario_manager - INFO - Success Rate: 0.0%
2025-11-18 03:11:13,084 - workflows.scenario_manager - INFO - ============================================================
2025-11-18 03:14:27,892 - __main__ - INFO - Application interrupted by user
