2025-11-13 14:02:02,578 - __main__ - INFO - ============================================================
2025-11-13 14:02:02,579 - __main__ - INFO - SAP RPA - Multi-Scenario Automation System
2025-11-13 14:02:02,579 - __main__ - INFO - ============================================================
2025-11-13 14:02:02,579 - __main__ - INFO - Configuration loaded successfully
2025-11-13 14:02:02,580 - __main__ - INFO - Starting GUI application...
2025-11-13 14:02:10,300 - core.sap_connector - INFO - Connecting to SAP GUI...
2025-11-13 14:02:16,905 - core.sap_connector - INFO - Connected to SAP: PRD Client 250 User JHASH
2025-11-13 14:03:24,219 - workflows.scenario_manager - INFO - Statistics reset
2025-11-13 14:03:24,222 - workflows.scenario_manager - INFO - ============================================================
2025-11-13 14:03:24,222 - workflows.scenario_manager - INFO - Processing material: 713-A75951-002
2025-11-13 14:03:24,222 - workflows.scenario_manager - INFO - ============================================================
2025-11-13 14:03:24,223 - workflows.scenario_manager - INFO - SCENARIO 1: Attempting MD04 with multiple plants...
2025-11-13 14:03:24,223 - transactions.md04_handler - INFO - Trying multiple plants for 713-A75951-002: ['1000', '2000', '1020', '1900']
2025-11-13 14:03:24,229 - core.sap_connector - INFO - Navigating to transaction MD04...
2025-11-13 14:03:28,646 - core.sap_connector - INFO - Successfully navigated to MD04
2025-11-13 14:03:28,647 - transactions.md04_handler - INFO - Attempting plant 1000...
2025-11-13 14:03:29,661 - transactions.md04_handler - INFO - Entering material number: 713-A75951-002
2025-11-13 14:03:30,697 - transactions.md04_handler - INFO - Setting plant: 1000
2025-11-13 14:03:31,763 - transactions.md04_handler - INFO - Setting MRP area: 1000
2025-11-13 14:03:32,838 - transactions.md04_handler - INFO - Executing MD04 query...
2025-11-13 14:03:36,272 - core.field_manager - INFO - Scanning for MatRes element...
2025-11-13 14:03:39,468 - core.field_manager - WARNING - MatRes element not found
2025-11-13 14:03:39,469 - transactions.md04_handler - WARNING - ✗ MatRes not found in plant 1000, trying next...
2025-11-13 14:03:39,470 - transactions.md04_handler - INFO - Attempting plant 2000...
2025-11-13 14:03:42,824 - transactions.md04_handler - WARNING - Could not select Individual tab: (-2147352567, 'Exception occurred.', (619, 'SAP Frontend Server', 'The control could not be found by id.', 'C:\\Program Files (x86)\\SAP\\FrontEnd\\SAPGUI\\sapfront.HLP', 393215, 0), None)
2025-11-13 14:03:42,824 - transactions.md04_handler - INFO - Entering material number: 713-A75951-002
2025-11-13 14:03:42,826 - core.field_manager - ERROR - Cannot fill field /app/con[0]/ses[0]/wnd[0]/usr/tabsTAB300/tabpF01/ssubINCLUDE300:SAPMM61R:0301/ctxtRM61R-MATNR: Field not found
2025-11-13 14:03:42,826 - transactions.md04_handler - ERROR - Failed to enter material number: 713-A75951-002
2025-11-13 14:03:42,826 - transactions.md04_handler - INFO - Attempting plant 1020...
2025-11-13 14:03:46,172 - transactions.md04_handler - WARNING - Could not select Individual tab: (-2147352567, 'Exception occurred.', (619, 'SAP Frontend Server', 'The control could not be found by id.', 'C:\\Program Files (x86)\\SAP\\FrontEnd\\SAPGUI\\sapfront.HLP', 393215, 0), None)
2025-11-13 14:03:46,173 - transactions.md04_handler - INFO - Entering material number: 713-A75951-002
2025-11-13 14:03:46,174 - core.field_manager - ERROR - Cannot fill field /app/con[0]/ses[0]/wnd[0]/usr/tabsTAB300/tabpF01/ssubINCLUDE300:SAPMM61R:0301/ctxtRM61R-MATNR: Field not found
2025-11-13 14:03:46,174 - transactions.md04_handler - ERROR - Failed to enter material number: 713-A75951-002
2025-11-13 14:03:46,175 - transactions.md04_handler - INFO - Attempting plant 1900...
2025-11-13 14:03:46,183 - core.sap_connector - ERROR - Failed to press F3: (-2147352567, 'Exception occurred.', (617, 'SAP Frontend Server', 'The virtual key is not enabled.', None, 0, 0), None)
2025-11-13 14:03:47,184 - transactions.md04_handler - WARNING - Could not select Individual tab: (-2147352567, 'Exception occurred.', (619, 'SAP Frontend Server', 'The control could not be found by id.', 'C:\\Program Files (x86)\\SAP\\FrontEnd\\SAPGUI\\sapfront.HLP', 393215, 0), None)
2025-11-13 14:03:47,185 - transactions.md04_handler - INFO - Entering material number: 713-A75951-002
2025-11-13 14:03:47,186 - core.field_manager - ERROR - Cannot fill field /app/con[0]/ses[0]/wnd[0]/usr/tabsTAB300/tabpF01/ssubINCLUDE300:SAPMM61R:0301/ctxtRM61R-MATNR: Field not found
2025-11-13 14:03:47,186 - transactions.md04_handler - ERROR - Failed to enter material number: 713-A75951-002
2025-11-13 14:03:47,187 - transactions.md04_handler - ERROR - MatRes not found in any of the specified plants for 713-A75951-002
2025-11-13 14:03:47,187 - workflows.scenario_manager - INFO - SCENARIO 2: MatRes not found, trying ERF Dashboard...
2025-11-13 14:03:47,187 - workflows.erf_workflow - INFO - ============================================================
2025-11-13 14:03:47,187 - workflows.erf_workflow - INFO - Starting ERF workflow for: 713-A75951-002
2025-11-13 14:03:47,187 - workflows.erf_workflow - INFO - ============================================================
2025-11-13 14:03:47,187 - workflows.erf_workflow - INFO - Setting up Edge WebDriver...
2025-11-13 14:03:48,461 - workflows.erf_workflow - INFO - WebDriver setup successful
2025-11-13 14:03:48,464 - workflows.erf_workflow - INFO - Navigating to ERF Dashboard...
2025-11-13 14:03:56,777 - workflows.erf_workflow - INFO - Clicked ERF Dashboard tab
2025-11-13 14:03:56,777 - workflows.erf_workflow - INFO - Switching to ERF iframe...
2025-11-13 14:04:01,812 - workflows.erf_workflow - INFO - Switched to iframe 1
2025-11-13 14:04:01,833 - workflows.erf_workflow - INFO - Switched to nested iframe
2025-11-13 14:04:01,833 - workflows.erf_workflow - INFO - Searching ERF for material: 713-A75951-002
2025-11-13 14:04:09,689 - workflows.erf_workflow - INFO - Selected 'ALL' from plant dropdown
2025-11-13 14:04:10,394 - workflows.erf_workflow - INFO - Entered material number: 713-A75951-002
2025-11-13 14:04:11,164 - workflows.erf_workflow - INFO - Clicked search button
2025-11-13 14:04:13,621 - workflows.erf_workflow - INFO - Found and clicked result link
2025-11-13 14:04:13,621 - workflows.erf_workflow - INFO - Extracting ERF data...
2025-11-13 14:04:43,658 - workflows.erf_workflow - ERROR - Error extracting ERF data: Timed out waiting for 'Update/View' page elements to load.
2025-11-13 14:04:45,868 - workflows.erf_workflow - INFO - WebDriver cleaned up
2025-11-13 14:04:45,868 - workflows.scenario_manager - ERROR - ✗ ALL SCENARIOS FAILED: Could not extract data
2025-11-13 14:04:45,868 - workflows.scenario_manager - ERROR - ✗ Failed: 713-A75951-002 - Error: MatRes not found in any plant, ERF fallback also failed
2025-11-13 14:04:45,979 - workflows.scenario_manager - INFO - ============================================================
2025-11-13 14:04:45,979 - workflows.scenario_manager - INFO - PROCESSING STATISTICS
2025-11-13 14:04:45,980 - workflows.scenario_manager - INFO - ============================================================
2025-11-13 14:04:45,980 - workflows.scenario_manager - INFO - Total Processed: 1
2025-11-13 14:04:45,980 - workflows.scenario_manager - INFO - Scenario 1 (MatRes Found): 0
2025-11-13 14:04:45,980 - workflows.scenario_manager - INFO - Scenario 2 (ERF Dashboard): 0
2025-11-13 14:04:45,980 - workflows.scenario_manager - INFO - Scenario 3 (ERF→KO03): 0
2025-11-13 14:04:45,980 - workflows.scenario_manager - INFO - Failures: 1
2025-11-13 14:04:45,981 - workflows.scenario_manager - INFO - Success Rate: 0.0%
2025-11-13 14:04:45,981 - workflows.scenario_manager - INFO - ============================================================
2025-11-13 14:11:30,006 - core.sap_connector - INFO - Disconnecting from SAP...
2025-11-13 14:11:30,016 - core.sap_connector - INFO - Disconnected from SAP
