2025-11-22 18:24:47,368 - __main__ - INFO - ============================================================
2025-11-22 18:24:47,369 - __main__ - INFO - SAP RPA - Multi-Scenario Automation System
2025-11-22 18:24:47,369 - __main__ - INFO - ============================================================
2025-11-22 18:24:47,369 - __main__ - INFO - Configuration loaded successfully
2025-11-22 18:24:47,370 - __main__ - INFO - Starting GUI application...
2025-11-22 18:24:52,143 - core.sap_connector - INFO - Connecting to SAP GUI...
2025-11-22 18:24:53,809 - core.sap_connector - INFO - Connected to SAP: PRD Client 250 User JHASH
2025-11-22 18:24:53,887 - core.table_id_cache - INFO - ✓ Loaded table ID cache with 2 known table IDs
2025-11-22 18:24:53,890 - core.table_id_cache - INFO - ✓ Loaded table ID cache with 2 known table IDs
2025-11-22 18:24:59,753 - workflows.scenario_manager - INFO - Statistics reset
2025-11-22 18:24:59,762 - workflows.scenario_manager - INFO - ============================================================
2025-11-22 18:24:59,762 - workflows.scenario_manager - INFO - Processing material: 853-219445-001
2025-11-22 18:24:59,763 - workflows.scenario_manager - INFO - ============================================================
2025-11-22 18:24:59,763 - workflows.scenario_manager - INFO - SCENARIO 1: Attempting MD04 with optimized multi-plant search...
2025-11-22 18:24:59,764 - transactions.md04_handler - INFO - 🚀 OPTIMIZED multi-plant search for 853-219445-001: ['1000', '2000', '1020', '1900']
2025-11-22 18:24:59,764 - transactions.md04_handler - INFO - Checking plant 1000 (1/4)...
2025-11-22 18:24:59,787 - core.sap_connector - INFO - Navigating to transaction using robust method: '/nMD04'...
2025-11-22 18:25:04,505 - core.sap_connector - INFO - ✓ Successfully navigated to MD04
2025-11-22 18:25:07,644 - transactions.md04_handler - INFO - Entering material number: 853-219445-001
2025-11-22 18:25:08,739 - transactions.md04_handler - INFO - Setting plant: 1000
2025-11-22 18:25:09,944 - transactions.md04_handler - INFO - Setting MRP area: 1000
2025-11-22 18:25:11,128 - transactions.md04_handler - INFO - Executing MD04 query...
2025-11-22 18:25:14,964 - core.field_manager - INFO - 🔍 Starting robust MD04 table scan (3-tier detection)...
2025-11-22 18:25:14,965 - core.field_manager - INFO - Trying 2 cached table ID(s)...
2025-11-22 18:25:15,033 - core.field_manager - INFO - ✓ TIER 1 SUCCESS: Using cached table ID
2025-11-22 18:25:15,440 - core.field_manager - INFO - ✓ DepReq found at row 2, col 2
2025-11-22 18:25:15,523 - core.field_manager - INFO - Found 1A demand indicator: '1A-VELO-CPM13' at row 2, col 5
2025-11-22 18:25:16,869 - core.field_manager - INFO - ✓ Scan complete: DepReq found (PRIORITY 2.5)
2025-11-22 18:25:16,871 - core.table_id_cache - INFO - ✓ Table ID success recorded (count: 7)
2025-11-22 18:25:16,874 - transactions.md04_handler - INFO - ⚠⚠⚠ 1A DEMAND detected (DepReq) in plant 1000 - Skipping normal extraction!
2025-11-22 18:25:16,874 - workflows.scenario_manager - ERROR - ✗ ALL SCENARIOS FAILED: Could not extract data
2025-11-22 18:25:16,875 - workflows.scenario_manager - ERROR - ✗ Failed: 853-219445-001 - Error: MatRes not found in any plant, ERF fallback also failed
2025-11-22 18:25:16,989 - workflows.scenario_manager - INFO - ============================================================
2025-11-22 18:25:16,990 - workflows.scenario_manager - INFO - PROCESSING STATISTICS
2025-11-22 18:25:16,990 - workflows.scenario_manager - INFO - ============================================================
2025-11-22 18:25:16,991 - workflows.scenario_manager - INFO - Total Processed: 1
2025-11-22 18:25:16,991 - workflows.scenario_manager - INFO - Scenario 1 (MatRes Found): 0
2025-11-22 18:25:16,991 - workflows.scenario_manager - INFO - Scenario 2 (ERF Dashboard): 0
2025-11-22 18:25:16,992 - workflows.scenario_manager - INFO - Scenario 3 (ERF→KO03): 0
2025-11-22 18:25:16,992 - workflows.scenario_manager - INFO - Failures: 1
2025-11-22 18:25:16,992 - workflows.scenario_manager - INFO - Success Rate: 0.0%
2025-11-22 18:25:16,993 - workflows.scenario_manager - INFO - ============================================================
2025-11-22 18:26:03,638 - workflows.scenario_manager - INFO - Statistics reset
2025-11-22 18:26:03,658 - workflows.scenario_manager - INFO - ============================================================
2025-11-22 18:26:03,659 - workflows.scenario_manager - INFO - Processing material: 853-219445-001
2025-11-22 18:26:03,659 - workflows.scenario_manager - INFO - ============================================================
2025-11-22 18:26:03,659 - workflows.scenario_manager - INFO - SCENARIO 1: Attempting MD04 with optimized multi-plant search...
2025-11-22 18:26:03,660 - transactions.md04_handler - INFO - 🚀 OPTIMIZED multi-plant search for 853-219445-001: ['1000', '2000', '1020', '1900']
2025-11-22 18:26:03,660 - transactions.md04_handler - INFO - Checking plant 1000 (1/4)...
2025-11-22 18:26:03,679 - core.sap_connector - INFO - Navigating to transaction using robust method: '/nMD04'...
2025-11-22 18:26:08,263 - core.sap_connector - INFO - ✓ Successfully navigated to MD04
2025-11-22 18:26:11,322 - transactions.md04_handler - INFO - Entering material number: 853-219445-001
2025-11-22 18:26:12,423 - transactions.md04_handler - INFO - Setting plant: 1000
2025-11-22 18:26:13,619 - transactions.md04_handler - INFO - Setting MRP area: 1000
2025-11-22 18:26:15,073 - transactions.md04_handler - INFO - Executing MD04 query...
2025-11-22 18:26:18,835 - core.field_manager - INFO - 🔍 Starting robust MD04 table scan (3-tier detection)...
2025-11-22 18:26:18,835 - core.field_manager - INFO - Trying 2 cached table ID(s)...
2025-11-22 18:26:18,896 - core.field_manager - INFO - ✓ TIER 1 SUCCESS: Using cached table ID
2025-11-22 18:26:19,396 - core.field_manager - INFO - ✓ DepReq found at row 2, col 2
2025-11-22 18:26:19,506 - core.field_manager - INFO - Found 1A demand indicator: '1A-VELO-CPM13' at row 2, col 5
2025-11-22 18:26:20,903 - core.field_manager - INFO - ✓ Scan complete: DepReq found (PRIORITY 2.5)
2025-11-22 18:26:20,905 - core.table_id_cache - INFO - ✓ Table ID success recorded (count: 8)
2025-11-22 18:26:20,909 - transactions.md04_handler - INFO - ⚠⚠⚠ 1A DEMAND detected (DepReq) in plant 1000 - Skipping normal extraction!
2025-11-22 18:26:20,909 - workflows.scenario_manager - ERROR - ✗ ALL SCENARIOS FAILED: Could not extract data
2025-11-22 18:26:20,910 - workflows.scenario_manager - ERROR - ✗ Failed: 853-219445-001 - Error: MatRes not found in any plant, ERF fallback also failed
2025-11-22 18:26:21,017 - workflows.scenario_manager - INFO - ============================================================
2025-11-22 18:26:21,018 - workflows.scenario_manager - INFO - Processing material: 857-B90757-364
2025-11-22 18:26:21,018 - workflows.scenario_manager - INFO - ============================================================
2025-11-22 18:26:21,019 - workflows.scenario_manager - INFO - SCENARIO 1: Attempting MD04 with optimized multi-plant search...
2025-11-22 18:26:21,019 - transactions.md04_handler - INFO - 🚀 OPTIMIZED multi-plant search for 857-B90757-364: ['1000', '2000', '1020', '1900']
2025-11-22 18:26:21,020 - transactions.md04_handler - INFO - Checking plant 1000 (1/4)...
2025-11-22 18:26:21,028 - core.sap_connector - INFO - Navigating to transaction using robust method: '/nMD04'...
2025-11-22 18:26:25,468 - core.sap_connector - INFO - ✓ Successfully navigated to MD04
2025-11-22 18:26:28,523 - transactions.md04_handler - INFO - Entering material number: 857-B90757-364
2025-11-22 18:26:29,619 - transactions.md04_handler - INFO - Setting plant: 1000
2025-11-22 18:26:30,835 - transactions.md04_handler - INFO - Setting MRP area: 1000
2025-11-22 18:26:32,027 - transactions.md04_handler - INFO - Executing MD04 query...
2025-11-22 18:26:35,788 - core.field_manager - INFO - 🔍 Starting robust MD04 table scan (3-tier detection)...
2025-11-22 18:26:35,789 - core.field_manager - INFO - Trying 2 cached table ID(s)...
2025-11-22 18:26:35,838 - core.field_manager - INFO - ✓ TIER 1 SUCCESS: Using cached table ID
2025-11-22 18:26:36,187 - core.field_manager - INFO - ✓ DepReq found at row 2, col 2
2025-11-22 18:26:36,259 - core.field_manager - INFO - Found 1A demand indicator: '1A-3WN2-CV-003' at row 2, col 5
2025-11-22 18:26:37,649 - core.field_manager - INFO - ✓ Scan complete: DepReq found (PRIORITY 2.5)
2025-11-22 18:26:37,650 - core.table_id_cache - INFO - ✓ Table ID success recorded (count: 7)
2025-11-22 18:26:37,652 - transactions.md04_handler - INFO - ⚠⚠⚠ 1A DEMAND detected (DepReq) in plant 1000 - Skipping normal extraction!
2025-11-22 18:26:37,652 - workflows.scenario_manager - ERROR - ✗ ALL SCENARIOS FAILED: Could not extract data
2025-11-22 18:26:37,653 - workflows.scenario_manager - ERROR - ✗ Failed: 857-B90757-364 - Error: MatRes not found in any plant, ERF fallback also failed
2025-11-22 18:26:37,754 - workflows.scenario_manager - INFO - ============================================================
2025-11-22 18:26:37,754 - workflows.scenario_manager - INFO - Processing material: 799-B27673-001
2025-11-22 18:26:37,754 - workflows.scenario_manager - INFO - ============================================================
2025-11-22 18:26:37,754 - workflows.scenario_manager - INFO - SCENARIO 1: Attempting MD04 with optimized multi-plant search...
2025-11-22 18:26:37,755 - transactions.md04_handler - INFO - 🚀 OPTIMIZED multi-plant search for 799-B27673-001: ['1000', '2000', '1020', '1900']
2025-11-22 18:26:37,755 - transactions.md04_handler - INFO - Checking plant 1000 (1/4)...
2025-11-22 18:26:37,760 - core.sap_connector - INFO - Navigating to transaction using robust method: '/nMD04'...
2025-11-22 18:26:41,968 - core.sap_connector - INFO - ✓ Successfully navigated to MD04
2025-11-22 18:26:45,016 - transactions.md04_handler - INFO - Entering material number: 799-B27673-001
2025-11-22 18:26:46,094 - transactions.md04_handler - INFO - Setting plant: 1000
2025-11-22 18:26:47,275 - transactions.md04_handler - INFO - Setting MRP area: 1000
2025-11-22 18:26:48,447 - transactions.md04_handler - INFO - Executing MD04 query...
2025-11-22 18:26:52,189 - core.field_manager - INFO - 🔍 Starting robust MD04 table scan (3-tier detection)...
2025-11-22 18:26:52,190 - core.field_manager - INFO - Trying 2 cached table ID(s)...
2025-11-22 18:26:52,252 - core.field_manager - INFO - ✓ TIER 1 SUCCESS: Using cached table ID
2025-11-22 18:26:53,582 - core.field_manager - WARNING - Scan complete: No MatRes, OrdRes, DepReq, or STPord found
2025-11-22 18:26:53,584 - core.field_manager - INFO - ⚠ TIER 1 failed - trying known alternative table IDs...
2025-11-22 18:26:53,584 - core.field_manager - INFO - Trying 6 known table ID pattern(s)...
2025-11-22 18:26:53,626 - core.field_manager - INFO - ✓ TIER 2 SUCCESS: Found working table ID
2025-11-22 18:26:54,725 - core.field_manager - WARNING - Scan complete: No MatRes, OrdRes, DepReq, or STPord found
2025-11-22 18:26:54,727 - core.field_manager - WARNING - ⚠ TIER 2 failed - starting dynamic table discovery...
2025-11-22 18:26:54,728 - core.field_manager - INFO - 🔎 Scanning screen for table controls...
2025-11-22 18:26:59,182 - core.field_manager - INFO - Found 0 potential table control(s) via enumeration
2025-11-22 18:26:59,182 - core.field_manager - INFO - Enumeration failed, trying pattern-based discovery...
2025-11-22 18:26:59,194 - core.field_manager - INFO - Found 0 potential table(s) via patterns
2025-11-22 18:26:59,195 - core.field_manager - ERROR - ✗ ALL TIERS FAILED: Could not find MD04 results table
2025-11-22 18:26:59,196 - core.field_manager - ERROR - This might indicate: (1) No data in MD04, (2) Screen layout error, (3) Different SAP version
2025-11-22 18:26:59,196 - transactions.md04_handler - INFO - No MatRes, OrdRes, DepReq, or STPord found in plant 1000
2025-11-22 18:26:59,239 - transactions.md04_handler - INFO - Checking plant 2000 (2/4)...
2025-11-22 18:26:59,245 - core.sap_connector - INFO - Navigating to transaction using robust method: '/nMD04'...
2025-11-22 18:27:03,353 - core.sap_connector - INFO - ✓ Successfully navigated to MD04
2025-11-22 18:27:06,402 - transactions.md04_handler - INFO - Entering material number: 799-B27673-001
2025-11-22 18:27:07,483 - transactions.md04_handler - INFO - Setting plant: 2000
2025-11-22 18:27:08,685 - transactions.md04_handler - INFO - Setting MRP area: 1000
2025-11-22 18:27:09,870 - transactions.md04_handler - INFO - Executing MD04 query...
2025-11-22 18:27:13,718 - core.field_manager - INFO - 🔍 Starting robust MD04 table scan (3-tier detection)...
2025-11-22 18:27:13,719 - core.field_manager - INFO - Trying 2 cached table ID(s)...
2025-11-22 18:27:13,780 - core.field_manager - INFO - ✓ TIER 1 SUCCESS: Using cached table ID
2025-11-22 18:27:14,221 - core.field_manager - INFO - ✓ STPord found at row 2, col 2
2025-11-22 18:27:15,201 - core.field_manager - INFO - ✓ Scan complete: STPord found (PRIORITY 3)
2025-11-22 18:27:15,203 - core.table_id_cache - INFO - ✓ Table ID success recorded (count: 9)
2025-11-22 18:27:15,205 - transactions.md04_handler - INFO - ✓ STPord found in plant 2000 - Extracting RPM immediately!
2025-11-22 18:27:15,206 - transactions.md04_handler - INFO - Extracting RPM from current screen for material 799-B27673-001 at row 2
2025-11-22 18:27:25,771 - transactions.md04_handler - INFO - Requirements table is already visible
2025-11-22 18:27:25,829 - transactions.md04_handler - INFO - Scanning requirements table: 8 rows, 37 columns
2025-11-22 18:27:32,022 - transactions.md04_handler - WARNING - Requirements table found but no RPM number detected
2025-11-22 18:27:32,022 - transactions.md04_handler - WARNING - Scanned 8 rows x 37 columns - no RPM found
2025-11-22 18:27:32,022 - transactions.md04_handler - INFO - Full table contents (showing ALL columns):
2025-11-22 18:27:32,364 - transactions.md04_handler - INFO -   Row 0: ['[1]:10', '[4]:799-B27673-001', '[5]:KIT,BCR,SFT', '[6]:4.000', '[7]:EA', '[8]:D', '[9]:01/07/2026', '[10]:933.00', '[11]:USD', '[12]:1', '[13]:EA', '[14]:Purch. Non-Replensh.', '[15]:Livermore Warehouse', '[16]:Main Warehouse', '[21]:5302797754', '[25]:239440332', '[26]:10', '[34]:0']
2025-11-22 18:27:33,075 - transactions.md04_handler - INFO - Attempting to read column headers...
2025-11-22 18:27:33,966 - transactions.md04_handler - INFO -   Column headers: ['[0]:Status', '[1]:Itm', '[2]:A', '[3]:I', '[4]:Material', '[5]:Short Text', '[6]:PO Quantity', '[7]:OUn', '[8]:C', '[9]:Deliv. Date', '[10]:Net Price', '[11]:Currency', '[12]:Per', '[13]:OPU', '[14]:Matl Group', '[15]:Plnt', '[16]:Stor. Location', '[17]:Batch', '[18]:Reqmt No.', '[19]:Requisitioner', '[20]:IM Material', '[21]:Info rec.', '[22]:Returns Item', '[23]:Free', '[24]:Texts', '[25]:Purch.Req.', '[26]:Requisn. item', '[27]:Outline agreement', '[28]:Contr. Item', '[29]:RFQ', '[30]:Item', '[31]:Purchasing Doc.', '[32]:Item', '[33]:Iss. Stor. Loc.', '[34]:Higher-Level Item', '[35]:Subitem Category', '[36]:Fixed Date']
2025-11-22 18:27:33,968 - transactions.md04_handler - WARNING - STPord found but RPM extraction failed in plant 2000
2025-11-22 18:27:33,969 - transactions.md04_handler - INFO - Checking plant 1020 (3/4)...
2025-11-22 18:27:33,973 - core.sap_connector - INFO - Navigating to transaction using robust method: '/nMD04'...
2025-11-22 18:27:38,256 - core.sap_connector - INFO - ✓ Successfully navigated to MD04
2025-11-22 18:27:41,308 - transactions.md04_handler - INFO - Entering material number: 799-B27673-001
2025-11-22 18:27:42,391 - transactions.md04_handler - INFO - Setting plant: 1020
2025-11-22 18:27:43,642 - transactions.md04_handler - INFO - Setting MRP area: 1000
2025-11-22 18:27:44,861 - transactions.md04_handler - INFO - Executing MD04 query...
2025-11-22 18:27:48,372 - transactions.md04_handler - INFO - MD04 returned no data for plant 1020
2025-11-22 18:27:48,373 - transactions.md04_handler - INFO - Checking plant 1900 (4/4)...
2025-11-22 18:27:48,381 - core.sap_connector - INFO - Navigating to transaction using robust method: '/nMD04'...
2025-11-22 18:27:52,661 - core.sap_connector - INFO - ✓ Successfully navigated to MD04
2025-11-22 18:27:55,724 - transactions.md04_handler - INFO - Entering material number: 799-B27673-001
2025-11-22 18:27:56,814 - transactions.md04_handler - INFO - Setting plant: 1900
2025-11-22 18:27:58,031 - transactions.md04_handler - INFO - Setting MRP area: 1000
2025-11-22 18:27:59,273 - transactions.md04_handler - INFO - Executing MD04 query...
2025-11-22 18:28:03,051 - core.field_manager - INFO - 🔍 Starting robust MD04 table scan (3-tier detection)...
2025-11-22 18:28:03,052 - core.field_manager - INFO - Trying 2 cached table ID(s)...
2025-11-22 18:28:03,111 - core.field_manager - INFO - ✓ TIER 1 SUCCESS: Using cached table ID
2025-11-22 18:28:04,798 - core.field_manager - WARNING - Scan complete: No MatRes, OrdRes, DepReq, or STPord found
2025-11-22 18:28:04,801 - core.field_manager - INFO - ⚠ TIER 1 failed - trying known alternative table IDs...
2025-11-22 18:28:04,801 - core.field_manager - INFO - Trying 6 known table ID pattern(s)...
2025-11-22 18:28:04,850 - core.field_manager - INFO - ✓ TIER 2 SUCCESS: Found working table ID
2025-11-22 18:28:06,153 - core.field_manager - WARNING - Scan complete: No MatRes, OrdRes, DepReq, or STPord found
2025-11-22 18:28:06,155 - core.field_manager - WARNING - ⚠ TIER 2 failed - starting dynamic table discovery...
2025-11-22 18:28:06,156 - core.field_manager - INFO - 🔎 Scanning screen for table controls...
2025-11-22 18:28:10,516 - core.field_manager - INFO - Found 0 potential table control(s) via enumeration
2025-11-22 18:28:10,517 - core.field_manager - INFO - Enumeration failed, trying pattern-based discovery...
2025-11-22 18:28:10,531 - core.field_manager - INFO - Found 0 potential table(s) via patterns
2025-11-22 18:28:10,533 - core.field_manager - ERROR - ✗ ALL TIERS FAILED: Could not find MD04 results table
2025-11-22 18:28:10,533 - core.field_manager - ERROR - This might indicate: (1) No data in MD04, (2) Screen layout error, (3) Different SAP version
2025-11-22 18:28:10,534 - transactions.md04_handler - INFO - No MatRes, OrdRes, DepReq, or STPord found in plant 1900
2025-11-22 18:28:10,578 - transactions.md04_handler - WARNING - All 4 plants checked - no MatRes, OrdRes, DepReq, or STPord found
2025-11-22 18:28:10,579 - workflows.scenario_manager - ERROR - ✗ ALL SCENARIOS FAILED: Could not extract data
2025-11-22 18:28:10,579 - workflows.scenario_manager - ERROR - ✗ Failed: 799-B27673-001 - Error: MatRes not found in any plant, ERF fallback also failed
2025-11-22 18:28:10,692 - workflows.scenario_manager - INFO - ============================================================
2025-11-22 18:28:10,695 - workflows.scenario_manager - INFO - PROCESSING STATISTICS
2025-11-22 18:28:10,695 - workflows.scenario_manager - INFO - ============================================================
2025-11-22 18:28:10,695 - workflows.scenario_manager - INFO - Total Processed: 3
2025-11-22 18:28:10,696 - workflows.scenario_manager - INFO - Scenario 1 (MatRes Found): 0
2025-11-22 18:28:10,697 - workflows.scenario_manager - INFO - Scenario 2 (ERF Dashboard): 0
2025-11-22 18:28:10,697 - workflows.scenario_manager - INFO - Scenario 3 (ERF→KO03): 0
2025-11-22 18:28:10,697 - workflows.scenario_manager - INFO - Failures: 3
2025-11-22 18:28:10,697 - workflows.scenario_manager - INFO - Success Rate: 0.0%
2025-11-22 18:28:10,698 - workflows.scenario_manager - INFO - ============================================================
2025-11-22 18:28:21,635 - __main__ - INFO - Application interrupted by user
