2025-08-21 07:32:18,091 - INFO - ? Enhanced SAP MD04 Workflow with OCR Integration Started
2025-08-21 07:32:18,264 - INFO - ? Following YOUR exact workflow from the images:
2025-08-21 07:32:18,279 - INFO -    Image 1: Stock/Requirements List
2025-08-21 07:32:18,284 - INFO -    Image 2: Click on MatRes number
2025-08-21 07:32:18,291 - INFO -    Image 3: Popup with maximize button
2025-08-21 07:32:18,296 - INFO -    Image 4-5: Detail screen with description
2025-08-21 07:32:18,300 - INFO - ? OCR Status: Available
2025-08-21 07:32:18,306 - INFO - ? Full OCR integration ready!
2025-08-21 07:32:19,955 - INFO - ? Connecting to SAP GUI...
2025-08-21 07:32:21,613 - INFO - ? Successfully connected to SAP: PRD Client 250 User JHASH
2025-08-21 07:32:22,784 - INFO - ? Testing all fields from your configuration...
2025-08-21 07:32:22,836 - ERROR - ? material_field: NOT FOUND - (-2147352567, 'Exception occurred.', (619, 'SAP Frontend Server', 'The control could not be found by id.', 'C:\\Program Files (x86)\\SAP\\FrontEnd\\SAPGUI\\sapfront.HLP', 393215, 0), None)
2025-08-21 07:32:22,859 - ERROR - ? mrp_area_field: NOT FOUND - (-2147352567, 'Exception occurred.', (619, 'SAP Frontend Server', 'The control could not be found by id.', 'C:\\Program Files (x86)\\SAP\\FrontEnd\\SAPGUI\\sapfront.HLP', 393215, 0), None)
2025-08-21 07:32:22,879 - ERROR - ? plant_field: NOT FOUND - (-2147352567, 'Exception occurred.', (619, 'SAP Frontend Server', 'The control could not be found by id.', 'C:\\Program Files (x86)\\SAP\\FrontEnd\\SAPGUI\\sapfront.HLP', 393215, 0), None)
2025-08-21 07:32:22,900 - ERROR - ? description_field: NOT FOUND - (-2147352567, 'Exception occurred.', (619, 'SAP Frontend Server', 'The control could not be found by id.', 'C:\\Program Files (x86)\\SAP\\FrontEnd\\SAPGUI\\sapfront.HLP', 393215, 0), None)
2025-08-21 07:32:25,315 - INFO - ?? Testing OCR functionality...
2025-08-21 07:32:27,665 - INFO - ? OCR test successful! Found 1 potential MatRes numbers
2025-08-21 07:32:27,670 - INFO - Sample numbers found: ['0051345337']
2025-08-21 07:32:33,943 - INFO - ? Starting enhanced workflow automation for 1 parts
2025-08-21 07:32:33,968 - INFO - 
============================================================
2025-08-21 07:32:33,975 - INFO - ? PROCESSING PART 1/1: 857-A65473-106
2025-08-21 07:32:33,991 - INFO - ============================================================
2025-08-21 07:32:34,025 - INFO - ? STEP 1: Navigating to MD04 and entering part details...
2025-08-21 07:32:34,036 - ERROR - ? STEP 1 FAILED: (-2147221008, 'CoInitialize has not been called.', None, None)
2025-08-21 07:32:34,048 - ERROR - ? ENHANCED WORKFLOW FAILED for 857-A65473-106: STEP 1 failed: Could not enter part details
2025-08-21 07:32:34,120 - INFO - ? Enhanced automation completed! 0/1 successful, 1 errors
2025-08-21 07:34:19,485 - INFO - ? Connecting to SAP GUI...
2025-08-21 07:34:21,385 - INFO - ? Successfully connected to SAP: PRD Client 250 User JHASH
2025-08-21 07:34:22,578 - INFO - ? Testing all fields from your configuration...
2025-08-21 07:34:22,672 - INFO - ? material_field: Found - Type: GuiCTextField, Modifiable: False
2025-08-21 07:34:22,703 - INFO - ? mrp_area_field: Found - Type: GuiCTextField, Modifiable: False
2025-08-21 07:34:22,732 - INFO - ? plant_field: Found - Type: GuiCTextField, Modifiable: False
2025-08-21 07:34:22,765 - INFO - ? description_field: Found - Type: GuiTextField, Modifiable: False
2025-08-21 07:34:27,578 - INFO - ? Starting enhanced workflow automation for 1 parts
2025-08-21 07:34:27,599 - INFO - 
============================================================
2025-08-21 07:34:27,607 - INFO - ? PROCESSING PART 1/1: 857-A65473-106
2025-08-21 07:34:27,615 - INFO - ============================================================
2025-08-21 07:34:27,624 - INFO - ? STEP 1: Navigating to MD04 and entering part details...
2025-08-21 07:34:27,638 - ERROR - ? STEP 1 FAILED: (-2147221008, 'CoInitialize has not been called.', None, None)
2025-08-21 07:34:27,653 - ERROR - ? ENHANCED WORKFLOW FAILED for 857-A65473-106: STEP 1 failed: Could not enter part details
2025-08-21 07:34:27,665 - INFO - ? Enhanced automation completed! 0/1 successful, 1 errors
