2025-08-28 05:35:51,941 - INFO - ? Fixed SAP Automation Started!
2025-08-28 05:35:51,990 - INFO - ? Key fixes applied:
2025-08-28 05:35:51,999 - INFO -    ? Added missing MRP Area field ID
2025-08-28 05:35:52,003 - INFO -    ? Enhanced field detection methods
2025-08-28 05:35:52,006 - INFO -    ? Improved error handling
2025-08-28 05:35:52,009 - INFO -    ? Added field validation tools
2025-08-28 05:35:52,010 - INFO - 
2025-08-28 05:35:52,013 - INFO - ? Ready to test and run automation!
2025-08-28 05:36:12,440 - INFO - ? Connecting to SAP dashboard...
2025-08-28 05:36:14,326 - INFO - ? Successfully connected to SAP: PRD Client 250 User JHASH
2025-08-28 05:36:30,956 - INFO - ? Connecting to SAP dashboard...
2025-08-28 05:36:32,536 - INFO - ? Successfully connected to SAP: PRD Client 250 User JHASH
2025-08-28 05:36:33,671 - INFO - ? Starting fixed automation...
2025-08-28 05:36:33,673 - INFO - ? Processing part: 857-A65473-106
2025-08-28 05:36:33,676 - INFO - ? Step 1: Ensuring MD04 input screen...
2025-08-28 05:36:33,677 - ERROR - ? Error ensuring MD04 screen: (-2147221008, 'CoInitialize has not been called.', None, None)
2025-08-28 05:36:33,678 - INFO - ? Step 2: Filling material field...
2025-08-28 05:36:33,679 - INFO - ? Filling material_field with: '857-A65473-106'
2025-08-28 05:36:33,681 - ERROR - ? Error filling material_field: <unknown>.findById
2025-08-28 05:36:33,681 - ERROR - ? Automation failed: Failed to fill material field
2025-08-28 05:36:39,621 - INFO - ? Starting fixed automation...
2025-08-28 05:36:39,625 - INFO - ? Processing part: 857-A65473-106
2025-08-28 05:36:39,627 - INFO - ? Step 1: Ensuring MD04 input screen...
2025-08-28 05:36:39,628 - ERROR - ? Error ensuring MD04 screen: (-2147221008, 'CoInitialize has not been called.', None, None)
2025-08-28 05:36:39,628 - INFO - ? Step 2: Filling material field...
2025-08-28 05:36:39,629 - INFO - ? Filling material_field with: '857-A65473-106'
2025-08-28 05:36:39,629 - ERROR - ? Error filling material_field: <unknown>.findById
2025-08-28 05:36:39,630 - ERROR - ? Automation failed: Failed to fill material field
2025-08-28 05:36:43,305 - INFO - ? Testing field access...
2025-08-28 05:36:43,307 - INFO - ============================================================
2025-08-28 05:36:43,312 - INFO - ? Navigating to MD04...
2025-08-28 05:36:49,015 - INFO - ? Individual access tab selected
2025-08-28 05:36:49,016 - INFO - ? Testing material_field: /app/con[0]/ses[0]/wnd[0]/usr/tabsTAB300/tabpF01/ssubINCLUDE300:SAPMM61R:0301/ctxtRM61R-MATNR
2025-08-28 05:36:49,030 - INFO -    ? Field found!
2025-08-28 05:36:49,031 - INFO -    ? Type: GuiCTextField
2025-08-28 05:36:49,032 - INFO -    ? Current text: '660-300316-500'
2025-08-28 05:36:49,033 - INFO -    ? Modifiable: False
2025-08-28 05:36:49,034 - INFO -    ? Changeable: True
2025-08-28 05:36:49,035 - INFO - ? Testing mrp_area_field: /app/con[0]/ses[0]/wnd[0]/usr/tabsTAB300/tabpF01/ssubINCLUDE300:SAPMM61R:0301/ctxtRM61R-BERID
2025-08-28 05:36:49,046 - INFO -    ? Field found!
2025-08-28 05:36:49,047 - INFO -    ? Type: GuiCTextField
2025-08-28 05:36:49,048 - INFO -    ? Current text: '1000'
2025-08-28 05:36:49,049 - INFO -    ? Modifiable: False
2025-08-28 05:36:49,050 - INFO -    ? Changeable: True
2025-08-28 05:36:49,050 - INFO - ? Testing plant_field: /app/con[0]/ses[0]/wnd[0]/usr/tabsTAB300/tabpF01/ssubINCLUDE300:SAPMM61R:0301/ctxtRM61R-WERKS
2025-08-28 05:36:49,062 - INFO -    ? Field found!
2025-08-28 05:36:49,063 - INFO -    ? Type: GuiCTextField
2025-08-28 05:36:49,064 - INFO -    ? Current text: '1000'
2025-08-28 05:36:49,065 - INFO -    ? Modifiable: False
2025-08-28 05:36:49,066 - INFO -    ? Changeable: True
2025-08-28 05:36:49,066 - INFO - ? Testing matres_field: /app/con[0]/ses[0]/wnd[0]/usr/subINCLUDE1XX:SAPMM61R:0780/tabsGL_TAB/tabpGL_1/ssubGL_SUBSCR:SAPMM61R:0750/tblSAPMM61RTC_EZ/txtMDEZ-DELB0
2025-08-28 05:36:49,071 - ERROR -    ? Field NOT found: (-2147352567, 'Exception occurred.', (619, 'SAP Frontend Server', 'The control could not be found by id.', 'C:\\Program Files (x86)\\SAP\\FrontEnd\\SAPGUI\\sapfront.HLP', 393215, 0), None)
2025-08-28 05:36:49,073 - INFO - ? Testing description_field: /app/con[0]/ses[0]/wnd[0]/usr/subBLOCK:SAPLKACB:1002/txtTEXT_AUFNR
2025-08-28 05:36:49,075 - ERROR -    ? Field NOT found: (-2147352567, 'Exception occurred.', (619, 'SAP Frontend Server', 'The control could not be found by id.', 'C:\\Program Files (x86)\\SAP\\FrontEnd\\SAPGUI\\sapfront.HLP', 393215, 0), None)
2025-08-28 05:36:49,077 - INFO - ============================================================
2025-08-28 05:36:49,078 - INFO - ? Field Test Summary:
2025-08-28 05:36:49,078 - INFO -    material_field: ? ACCESSIBLE
2025-08-28 05:36:49,079 - INFO -    mrp_area_field: ? ACCESSIBLE
2025-08-28 05:36:49,080 - INFO -    plant_field: ? ACCESSIBLE
2025-08-28 05:36:49,081 - ERROR -    matres_field: ? NOT ACCESSIBLE
2025-08-28 05:36:49,081 - ERROR -    description_field: ? NOT ACCESSIBLE
2025-08-28 05:36:52,353 - INFO - ? Validating all required fields...
2025-08-28 05:36:53,377 - INFO - ? Individual access tab selected
2025-08-28 05:36:53,380 - INFO - ? material_field: VALID
2025-08-28 05:36:53,383 - INFO - ? mrp_area_field: VALID
2025-08-28 05:36:53,385 - INFO - ? plant_field: VALID
2025-08-28 05:36:53,386 - INFO - ? All required fields are accessible!
2025-08-28 05:36:58,223 - INFO - ? Testing field filling...
2025-08-28 05:36:59,241 - INFO - ? Individual access tab selected
2025-08-28 05:36:59,243 - INFO - ? Filling material_field with: '857-A65473-106'
2025-08-28 05:36:59,250 - INFO -    ? Trying method 1...
2025-08-28 05:36:59,758 - INFO -    ? Method 1 successful! Value: '857-A65473-106'
2025-08-28 05:37:00,759 - INFO - ? Filling mrp_area_field with: '1000'
2025-08-28 05:37:00,764 - INFO -    ? Trying method 1...
2025-08-28 05:37:01,268 - INFO -    ? Method 1 successful! Value: '1000'
2025-08-28 05:37:01,270 - INFO - ? Auto-pressing Enter to execute query...
2025-08-28 05:37:01,271 - INFO - ? Executing query automatically by pressing Enter...
2025-08-28 05:37:03,047 - INFO - ? Enter key pressed successfully!
2025-08-28 05:37:07,073 - INFO - ? Query executed - Current Transaction: MD04
2025-08-28 05:37:07,074 - INFO - ? Current Window: Stock/Requirements List as of 17:07 hrs
2025-08-28 05:37:12,077 - INFO - ? Testing MatRes detection and focusing...
2025-08-28 05:37:12,077 - INFO - ? Scanning for MatRes element to focus...
2025-08-28 05:37:15,530 - INFO - ? Found MatRes element at depth 7
2025-08-28 05:37:15,533 - INFO - ? MatRes element found, setting focus...
2025-08-28 05:37:16,061 - INFO - ? Focus set on MatRes element
2025-08-28 05:37:17,064 - INFO - ? Testing F7 maximize...
2025-08-28 05:37:17,065 - INFO - ? Pressing F7 to maximize popup window...
2025-08-28 05:37:18,153 - INFO - ? F7 key pressed successfully!
2025-08-28 05:37:20,160 - INFO - ? Current window after F7: Display Reservation 0051345337 : Details 0001 / 0001
2025-08-28 05:37:20,162 - INFO - ? Complete test sequence SUCCESSFUL!
2025-08-28 05:37:24,187 - INFO - ? Starting fixed automation...
2025-08-28 05:37:24,190 - INFO - ? Processing part: 857-A65473-106
2025-08-28 05:37:24,194 - INFO - ? Step 1: Ensuring MD04 input screen...
2025-08-28 05:37:24,194 - ERROR - ? Error ensuring MD04 screen: (-2147221008, 'CoInitialize has not been called.', None, None)
2025-08-28 05:37:24,195 - INFO - ? Step 2: Filling material field...
2025-08-28 05:37:24,196 - INFO - ? Filling material_field with: '857-A65473-106'
2025-08-28 05:37:24,196 - ERROR - ? Error filling material_field: (-2147221008, 'CoInitialize has not been called.', None, None)
2025-08-28 05:37:24,197 - ERROR - ? Automation failed: Failed to fill material field
