2025-08-26 15:31:32,522 - INFO - ? Fixed SAP Automation Started!
2025-08-26 15:31:32,584 - INFO - ? Key fixes applied:
2025-08-26 15:31:32,592 - INFO -    ? Added missing MRP Area field ID
2025-08-26 15:31:32,597 - INFO -    ? Enhanced field detection methods
2025-08-26 15:31:32,607 - INFO -    ? Improved error handling
2025-08-26 15:31:32,612 - INFO -    ? Added field validation tools
2025-08-26 15:31:32,615 - INFO - 
2025-08-26 15:31:32,620 - INFO - ? Ready to test and run automation!
2025-08-26 15:32:19,175 - INFO - ? Connecting to SAP dashboard...
2025-08-26 15:32:20,674 - INFO - ? Successfully connected to SAP: PRD Client 250 User JHASH
2025-08-26 15:32:28,654 - INFO - ? Testing field access...
2025-08-26 15:32:28,655 - INFO - ============================================================
2025-08-26 15:32:28,661 - INFO - ? Navigating to MD04...
2025-08-26 15:32:33,833 - INFO - ? Individual access tab selected
2025-08-26 15:32:33,836 - INFO - ? Testing material_field: /app/con[0]/ses[0]/wnd[0]/usr/tabsTAB300/tabpF01/ssubINCLUDE300:SAPMM61R:0301/ctxtRM61R-MATNR
2025-08-26 15:32:33,848 - INFO -    ? Field found!
2025-08-26 15:32:33,849 - INFO -    ? Type: GuiCTextField
2025-08-26 15:32:33,850 - INFO -    ? Current text: ''
2025-08-26 15:32:33,851 - INFO -    ? Modifiable: False
2025-08-26 15:32:33,852 - INFO -    ? Changeable: True
2025-08-26 15:32:33,852 - INFO - ? Testing mrp_area_field: /app/con[0]/ses[0]/wnd[0]/usr/tabsTAB300/tabpF01/ssubINCLUDE300:SAPMM61R:0301/ctxtRM61R-BERID
2025-08-26 15:32:33,859 - INFO -    ? Field found!
2025-08-26 15:32:33,860 - INFO -    ? Type: GuiCTextField
2025-08-26 15:32:33,861 - INFO -    ? Current text: ''
2025-08-26 15:32:33,862 - INFO -    ? Modifiable: False
2025-08-26 15:32:33,863 - INFO -    ? Changeable: True
2025-08-26 15:32:33,864 - INFO - ? Testing plant_field: /app/con[0]/ses[0]/wnd[0]/usr/tabsTAB300/tabpF01/ssubINCLUDE300:SAPMM61R:0301/ctxtRM61R-WERKS
2025-08-26 15:32:33,872 - INFO -    ? Field found!
2025-08-26 15:32:33,873 - INFO -    ? Type: GuiCTextField
2025-08-26 15:32:33,874 - INFO -    ? Current text: '1000'
2025-08-26 15:32:33,874 - INFO -    ? Modifiable: False
2025-08-26 15:32:33,875 - INFO -    ? Changeable: True
2025-08-26 15:32:33,876 - INFO - ? Testing matres_field: /app/con[0]/ses[0]/wnd[0]/usr/subINCLUDE1XX:SAPMM61R:0780/tabsGL_TAB/tabpGL_1/ssubGL_SUBSCR:SAPMM61R:0750/tblSAPMM61RTC_EZ/txtMDEZ-DELB0
2025-08-26 15:32:33,878 - ERROR -    ? Field NOT found: (-2147352567, 'Exception occurred.', (619, 'SAP Frontend Server', 'The control could not be found by id.', 'C:\\Program Files (x86)\\SAP\\FrontEnd\\SAPGUI\\sapfront.HLP', 393215, 0), None)
2025-08-26 15:32:33,880 - INFO - ? Testing description_field: /app/con[0]/ses[0]/wnd[0]/usr/subBLOCK:SAPLKACB:1002/txtTEXT_AUFNR
2025-08-26 15:32:33,883 - ERROR -    ? Field NOT found: (-2147352567, 'Exception occurred.', (619, 'SAP Frontend Server', 'The control could not be found by id.', 'C:\\Program Files (x86)\\SAP\\FrontEnd\\SAPGUI\\sapfront.HLP', 393215, 0), None)
2025-08-26 15:32:33,884 - INFO - ============================================================
2025-08-26 15:32:33,885 - INFO - ? Field Test Summary:
2025-08-26 15:32:33,885 - INFO -    material_field: ? ACCESSIBLE
2025-08-26 15:32:33,886 - INFO -    mrp_area_field: ? ACCESSIBLE
2025-08-26 15:32:33,886 - INFO -    plant_field: ? ACCESSIBLE
2025-08-26 15:32:33,887 - ERROR -    matres_field: ? NOT ACCESSIBLE
2025-08-26 15:32:33,887 - ERROR -    description_field: ? NOT ACCESSIBLE
2025-08-26 15:32:37,934 - INFO - ? Testing field filling...
2025-08-26 15:32:38,949 - INFO - ? Individual access tab selected
2025-08-26 15:32:38,951 - INFO - ? Filling material_field with: '857-A65473-106'
2025-08-26 15:32:38,955 - INFO -    ? Trying method 1...
2025-08-26 15:32:39,459 - INFO -    ? Method 1 successful! Value: '857-A65473-106'
2025-08-26 15:32:40,461 - INFO - ? Filling mrp_area_field with: '1000'
2025-08-26 15:32:40,467 - INFO -    ? Trying method 1...
2025-08-26 15:32:40,972 - INFO -    ? Method 1 successful! Value: '1000'
2025-08-26 15:32:40,974 - INFO - ? Auto-pressing Enter to execute query...
2025-08-26 15:32:40,975 - INFO - ? Executing query automatically by pressing Enter...
2025-08-26 15:32:42,134 - INFO - ? Enter key pressed successfully!
2025-08-26 15:32:46,151 - INFO - ? Query executed - Current Transaction: MD04
2025-08-26 15:32:46,152 - INFO - ? Current Window: Stock/Requirements List as of 03:02 hrs
2025-08-26 15:32:51,155 - INFO - ? Testing MatRes detection and focusing...
2025-08-26 15:32:51,156 - INFO - ? Scanning for MatRes element to focus...
2025-08-26 15:32:53,498 - INFO - ? Found MatRes element at depth 7
2025-08-26 15:32:53,500 - INFO - ? MatRes element found, setting focus...
2025-08-26 15:32:54,024 - INFO - ? Focus set on MatRes element
2025-08-26 15:32:55,027 - INFO - ? Testing F7 maximize...
2025-08-26 15:32:55,028 - INFO - ? Pressing F7 to maximize popup window...
2025-08-26 15:32:56,125 - INFO - ? F7 key pressed successfully!
2025-08-26 15:32:58,135 - INFO - ? Current window after F7: Display Reservation 0051345337 : Details 0001 / 0001
2025-08-26 15:32:58,136 - INFO - ? Complete test sequence SUCCESSFUL!
