2025-08-21 10:52:48,157 - INFO - ? Fixed SAP Automation Started!
2025-08-21 10:52:48,288 - INFO - ? Key fixes applied:
2025-08-21 10:52:48,291 - INFO -    ? Added missing MRP Area field ID
2025-08-21 10:52:48,293 - INFO -    ? Enhanced field detection methods
2025-08-21 10:52:48,299 - INFO -    ? Improved error handling
2025-08-21 10:52:48,301 - INFO -    ? Added field validation tools
2025-08-21 10:52:48,302 - INFO - 
2025-08-21 10:52:48,304 - INFO - ? Ready to test and run automation!
2025-08-21 10:54:14,674 - INFO - ? Connecting to SAP dashboard...
2025-08-21 10:54:16,243 - INFO - ? Successfully connected to SAP: PRD Client 250 User JHASH
2025-08-21 10:54:19,605 - INFO - ? Testing field access...
2025-08-21 10:54:19,607 - INFO - ============================================================
2025-08-21 10:54:19,616 - INFO - ? Navigating to MD04...
2025-08-21 10:54:24,806 - INFO - ? Individual access tab selected
2025-08-21 10:54:24,808 - INFO - ? Testing material_field: /app/con[0]/ses[0]/wnd[0]/usr/tabsTAB300/tabpF01/ssubINCLUDE300:SAPMM61R:0301/ctxtRM61R-MATNR
2025-08-21 10:54:24,830 - INFO -    ? Field found!
2025-08-21 10:54:24,831 - INFO -    ? Type: GuiCTextField
2025-08-21 10:54:24,832 - INFO -    ? Current text: ''
2025-08-21 10:54:24,832 - INFO -    ? Modifiable: False
2025-08-21 10:54:24,833 - INFO -    ? Changeable: True
2025-08-21 10:54:24,833 - INFO - ? Testing mrp_area_field: /app/con[0]/ses[0]/wnd[0]/usr/tabsTAB300/tabpF01/ssubINCLUDE300:SAPMM61R:0301/ctxtRM61R-BERID
2025-08-21 10:54:24,854 - INFO -    ? Field found!
2025-08-21 10:54:24,855 - INFO -    ? Type: GuiCTextField
2025-08-21 10:54:24,855 - INFO -    ? Current text: ''
2025-08-21 10:54:24,855 - INFO -    ? Modifiable: False
2025-08-21 10:54:24,856 - INFO -    ? Changeable: True
2025-08-21 10:54:24,856 - INFO - ? Testing plant_field: /app/con[0]/ses[0]/wnd[0]/usr/tabsTAB300/tabpF01/ssubINCLUDE300:SAPMM61R:0301/ctxtRM61R-WERKS
2025-08-21 10:54:24,873 - INFO -    ? Field found!
2025-08-21 10:54:24,874 - INFO -    ? Type: GuiCTextField
2025-08-21 10:54:24,874 - INFO -    ? Current text: '1000'
2025-08-21 10:54:24,875 - INFO -    ? Modifiable: False
2025-08-21 10:54:24,876 - INFO -    ? Changeable: True
2025-08-21 10:54:24,876 - INFO - ? Testing matres_field: /app/con[0]/ses[0]/wnd[0]/usr/subINCLUDE1XX:SAPMM61R:0780/tabsGL_TAB/tabpGL_1/ssubGL_SUBSCR:SAPMM61R:0750/tblSAPMM61RTC_EZ/txtMDEZ-DELB0
2025-08-21 10:54:24,878 - ERROR -    ? Field NOT found: (-2147352567, 'Exception occurred.', (619, 'SAP Frontend Server', 'The control could not be found by id.', 'C:\\Program Files (x86)\\SAP\\FrontEnd\\SAPGUI\\sapfront.HLP', 393215, 0), None)
2025-08-21 10:54:24,879 - INFO - ? Testing description_field: /app/con[0]/ses[0]/wnd[0]/usr/subBLOCK:SAPLKACB:1002/txtTEXT_AUFNR
2025-08-21 10:54:24,881 - ERROR -    ? Field NOT found: (-2147352567, 'Exception occurred.', (619, 'SAP Frontend Server', 'The control could not be found by id.', 'C:\\Program Files (x86)\\SAP\\FrontEnd\\SAPGUI\\sapfront.HLP', 393215, 0), None)
2025-08-21 10:54:24,882 - INFO - ============================================================
2025-08-21 10:54:24,882 - INFO - ? Field Test Summary:
2025-08-21 10:54:24,883 - INFO -    material_field: ? ACCESSIBLE
2025-08-21 10:54:24,884 - INFO -    mrp_area_field: ? ACCESSIBLE
2025-08-21 10:54:24,884 - INFO -    plant_field: ? ACCESSIBLE
2025-08-21 10:54:24,885 - ERROR -    matres_field: ? NOT ACCESSIBLE
2025-08-21 10:54:24,885 - ERROR -    description_field: ? NOT ACCESSIBLE
2025-08-21 10:54:27,605 - INFO - ? Validating all required fields...
2025-08-21 10:54:28,671 - INFO - ? Individual access tab selected
2025-08-21 10:54:28,677 - INFO - ? material_field: VALID
2025-08-21 10:54:28,689 - INFO - ? mrp_area_field: VALID
2025-08-21 10:54:28,693 - INFO - ? plant_field: VALID
2025-08-21 10:54:28,693 - INFO - ? All required fields are accessible!
2025-08-21 10:54:30,637 - INFO - ? Testing field filling...
2025-08-21 10:54:31,717 - INFO - ? Individual access tab selected
2025-08-21 10:54:31,720 - INFO - ? Filling material_field with: '857-A65473-106'
2025-08-21 10:54:31,730 - INFO -    ? Trying method 1...
2025-08-21 10:54:32,238 - INFO -    ? Method 1 successful! Value: '857-A65473-106'
2025-08-21 10:54:33,240 - INFO - ? Filling mrp_area_field with: '1000'
2025-08-21 10:54:33,249 - INFO -    ? Trying method 1...
2025-08-21 10:54:33,755 - INFO -    ? Method 1 successful! Value: '1000'
2025-08-21 10:54:33,757 - INFO - ? Auto-pressing Enter to execute query...
2025-08-21 10:54:33,758 - INFO - ? Executing query automatically by pressing Enter...
2025-08-21 10:54:35,195 - INFO - ? Enter key pressed successfully!
2025-08-21 10:54:39,244 - INFO - ? Query executed - Current Transaction: MD04
2025-08-21 10:54:39,244 - INFO - ? Current Window: Stock/Requirements List as of 22:24 hrs
2025-08-21 10:54:44,247 - INFO - ? Testing MatRes detection and focusing...
2025-08-21 10:54:44,250 - INFO - ? Scanning for MatRes element to focus...
2025-08-21 10:54:46,484 - INFO - ? Found MatRes element at depth 7
2025-08-21 10:54:46,487 - INFO - ? MatRes element found, setting focus...
2025-08-21 10:54:47,004 - INFO - ? Focus set on MatRes element
2025-08-21 10:54:48,007 - INFO - ? Testing F7 maximize...
2025-08-21 10:54:48,008 - INFO - ? Pressing F7 to maximize popup window...
2025-08-21 10:54:49,354 - INFO - ? F7 key pressed successfully!
2025-08-21 10:54:51,370 - INFO - ? Current window after F7: Display Reservation 0051345337 : Details 0001 / 0001
2025-08-21 10:54:51,371 - INFO - ? Complete test sequence SUCCESSFUL!
