2025-08-21 09:22:28,388 - INFO - ? Fixed SAP Automation Started!
2025-08-21 09:22:28,586 - INFO - ? Key fixes applied:
2025-08-21 09:22:28,609 - INFO -    ? Added missing MRP Area field ID
2025-08-21 09:22:28,611 - INFO -    ? Enhanced field detection methods
2025-08-21 09:22:28,612 - INFO -    ? Improved error handling
2025-08-21 09:22:28,614 - INFO -    ? Added field validation tools
2025-08-21 09:22:28,615 - INFO - 
2025-08-21 09:22:28,616 - INFO - ? Ready to test and run automation!
2025-08-21 09:22:35,266 - INFO - ? Connecting to SAP dashboard...
2025-08-21 09:22:36,847 - INFO - ? Successfully connected to SAP: PRD Client 250 User JHASH
2025-08-21 09:22:40,052 - INFO - ? Testing field access...
2025-08-21 09:22:40,068 - INFO - ============================================================
2025-08-21 09:22:40,103 - INFO - ? Navigating to MD04...
2025-08-21 09:22:45,284 - INFO - ? Individual access tab selected
2025-08-21 09:22:45,287 - INFO - ? Testing material_field: /app/con[0]/ses[0]/wnd[0]/usr/tabsTAB300/tabpF01/ssubINCLUDE300:SAPMM61R:0301/ctxtRM61R-MATNR
2025-08-21 09:22:45,310 - INFO -    ? Field found!
2025-08-21 09:22:45,311 - INFO -    ? Type: GuiCTextField
2025-08-21 09:22:45,312 - INFO -    ? Current text: ''
2025-08-21 09:22:45,312 - INFO -    ? Modifiable: False
2025-08-21 09:22:45,313 - INFO -    ? Changeable: True
2025-08-21 09:22:45,313 - INFO - ? Testing mrp_area_field: /app/con[0]/ses[0]/wnd[0]/usr/tabsTAB300/tabpF01/ssubINCLUDE300:SAPMM61R:0301/ctxtRM61R-BERID
2025-08-21 09:22:45,337 - INFO -    ? Field found!
2025-08-21 09:22:45,338 - INFO -    ? Type: GuiCTextField
2025-08-21 09:22:45,339 - INFO -    ? Current text: ''
2025-08-21 09:22:45,339 - INFO -    ? Modifiable: False
2025-08-21 09:22:45,340 - INFO -    ? Changeable: True
2025-08-21 09:22:45,341 - INFO - ? Testing plant_field: /app/con[0]/ses[0]/wnd[0]/usr/tabsTAB300/tabpF01/ssubINCLUDE300:SAPMM61R:0301/ctxtRM61R-WERKS
2025-08-21 09:22:45,365 - INFO -    ? Field found!
2025-08-21 09:22:45,366 - INFO -    ? Type: GuiCTextField
2025-08-21 09:22:45,367 - INFO -    ? Current text: '1000'
2025-08-21 09:22:45,367 - INFO -    ? Modifiable: False
2025-08-21 09:22:45,368 - INFO -    ? Changeable: True
2025-08-21 09:22:45,369 - INFO - ? Testing matres_field: /app/con[0]/ses[0]/wnd[0]/usr/subINCLUDE1XX:SAPMM61R:0780/tabsGL_TAB/tabpGL_1/ssubGL_SUBSCR:SAPMM61R:0750/tblSAPMM61RTC_EZ/txtMDEZ-DELB0
2025-08-21 09:22:45,370 - ERROR -    ? Field NOT found: (-2147352567, 'Exception occurred.', (619, 'SAP Frontend Server', 'The control could not be found by id.', 'C:\\Program Files (x86)\\SAP\\FrontEnd\\SAPGUI\\sapfront.HLP', 393215, 0), None)
2025-08-21 09:22:45,371 - INFO - ? Testing description_field: /app/con[0]/ses[0]/wnd[0]/usr/subBLOCK:SAPLKACB:1002/txtTEXT_AUFNR
2025-08-21 09:22:45,373 - ERROR -    ? Field NOT found: (-2147352567, 'Exception occurred.', (619, 'SAP Frontend Server', 'The control could not be found by id.', 'C:\\Program Files (x86)\\SAP\\FrontEnd\\SAPGUI\\sapfront.HLP', 393215, 0), None)
2025-08-21 09:22:45,374 - INFO - ============================================================
2025-08-21 09:22:45,374 - INFO - ? Field Test Summary:
2025-08-21 09:22:45,375 - INFO -    material_field: ? ACCESSIBLE
2025-08-21 09:22:45,375 - INFO -    mrp_area_field: ? ACCESSIBLE
2025-08-21 09:22:45,375 - INFO -    plant_field: ? ACCESSIBLE
2025-08-21 09:22:45,376 - ERROR -    matres_field: ? NOT ACCESSIBLE
2025-08-21 09:22:45,376 - ERROR -    description_field: ? NOT ACCESSIBLE
2025-08-21 09:22:51,012 - INFO - ? Validating all required fields...
2025-08-21 09:22:52,082 - INFO - ? Individual access tab selected
2025-08-21 09:22:52,088 - INFO - ? material_field: VALID
2025-08-21 09:22:52,091 - INFO - ? mrp_area_field: VALID
2025-08-21 09:22:52,095 - INFO - ? plant_field: VALID
2025-08-21 09:22:52,095 - INFO - ? All required fields are accessible!
2025-08-21 09:22:57,372 - INFO - ? Testing field filling...
2025-08-21 09:22:58,448 - INFO - ? Individual access tab selected
2025-08-21 09:22:58,452 - INFO - ? Filling material_field with: '857-A65473-106'
2025-08-21 09:22:58,469 - INFO -    ? Trying method 1...
2025-08-21 09:22:58,978 - INFO -    ? Method 1 successful! Value: '857-A65473-106'
2025-08-21 09:22:59,982 - INFO - ? Filling mrp_area_field with: '1000'
2025-08-21 09:22:59,991 - INFO -    ? Trying method 1...
2025-08-21 09:23:00,504 - INFO -    ? Method 1 successful! Value: '1000'
2025-08-21 09:23:00,507 - INFO - ? Auto-pressing Enter to execute query...
2025-08-21 09:23:00,508 - INFO - ? Executing query automatically by pressing Enter...
2025-08-21 09:23:13,575 - INFO - ? Enter key pressed successfully!
2025-08-21 09:23:17,664 - INFO - ? Query executed - Current Transaction: MD04
2025-08-21 09:23:17,667 - INFO - ? Current Window: Stock/Requirements List as of 20:53 hrs
2025-08-21 09:23:19,671 - INFO - ? Field filling and query execution test SUCCESSFUL!
2025-08-21 09:23:30,429 - INFO - ? Starting fixed automation...
2025-08-21 09:23:30,447 - INFO - ? Processing part: 857-A65473-106
2025-08-21 09:23:30,478 - INFO - ? Step 1: Ensuring MD04 input screen...
2025-08-21 09:23:30,479 - ERROR - ? Error ensuring MD04 screen: (-2147221008, 'CoInitialize has not been called.', None, None)
2025-08-21 09:23:30,480 - INFO - ? Step 2: Filling material field...
2025-08-21 09:23:30,481 - INFO - ? Filling material_field with: '857-A65473-106'
2025-08-21 09:23:30,482 - ERROR - ? Error filling material_field: (-2147221008, 'CoInitialize has not been called.', None, None)
2025-08-21 09:23:30,483 - ERROR - ? Automation failed: Failed to fill material field
