2025-08-21 11:01:17,621 - INFO - ? Fixed SAP Automation Started!
2025-08-21 11:01:17,777 - INFO - ? Key fixes applied:
2025-08-21 11:01:17,797 - INFO -    ? Added missing MRP Area field ID
2025-08-21 11:01:17,799 - INFO -    ? Enhanced field detection methods
2025-08-21 11:01:17,801 - INFO -    ? Improved error handling
2025-08-21 11:01:17,802 - INFO -    ? Added field validation tools
2025-08-21 11:01:17,803 - INFO - 
2025-08-21 11:01:17,805 - INFO - ? Ready to test and run automation!
2025-08-21 11:01:43,244 - INFO - ? Connecting to SAP dashboard...
2025-08-21 11:01:45,468 - INFO - ? Successfully connected to SAP: PRD Client 250 User JHASH
2025-08-21 11:01:48,415 - INFO - ? Testing field access...
2025-08-21 11:01:48,417 - INFO - ============================================================
2025-08-21 11:01:48,430 - INFO - ? Navigating to MD04...
2025-08-21 11:01:53,547 - INFO - ? Individual access tab selected
2025-08-21 11:01:53,550 - INFO - ? Testing material_field: /app/con[0]/ses[0]/wnd[0]/usr/tabsTAB300/tabpF01/ssubINCLUDE300:SAPMM61R:0301/ctxtRM61R-MATNR
2025-08-21 11:01:53,572 - INFO -    ? Field found!
2025-08-21 11:01:53,573 - INFO -    ? Type: GuiCTextField
2025-08-21 11:01:53,574 - INFO -    ? Current text: ''
2025-08-21 11:01:53,574 - INFO -    ? Modifiable: False
2025-08-21 11:01:53,575 - INFO -    ? Changeable: True
2025-08-21 11:01:53,576 - INFO - ? Testing mrp_area_field: /app/con[0]/ses[0]/wnd[0]/usr/tabsTAB300/tabpF01/ssubINCLUDE300:SAPMM61R:0301/ctxtRM61R-BERID
2025-08-21 11:01:53,594 - INFO -    ? Field found!
2025-08-21 11:01:53,595 - INFO -    ? Type: GuiCTextField
2025-08-21 11:01:53,597 - INFO -    ? Current text: ''
2025-08-21 11:01:53,598 - INFO -    ? Modifiable: False
2025-08-21 11:01:53,598 - INFO -    ? Changeable: True
2025-08-21 11:01:53,599 - INFO - ? Testing plant_field: /app/con[0]/ses[0]/wnd[0]/usr/tabsTAB300/tabpF01/ssubINCLUDE300:SAPMM61R:0301/ctxtRM61R-WERKS
2025-08-21 11:01:53,616 - INFO -    ? Field found!
2025-08-21 11:01:53,617 - INFO -    ? Type: GuiCTextField
2025-08-21 11:01:53,618 - INFO -    ? Current text: '1000'
2025-08-21 11:01:53,619 - INFO -    ? Modifiable: False
2025-08-21 11:01:53,619 - INFO -    ? Changeable: True
2025-08-21 11:01:53,620 - INFO - ? Testing matres_field: /app/con[0]/ses[0]/wnd[0]/usr/subINCLUDE1XX:SAPMM61R:0780/tabsGL_TAB/tabpGL_1/ssubGL_SUBSCR:SAPMM61R:0750/tblSAPMM61RTC_EZ/txtMDEZ-DELB0
2025-08-21 11:01:53,622 - ERROR -    ? Field NOT found: (-2147352567, 'Exception occurred.', (619, 'SAP Frontend Server', 'The control could not be found by id.', 'C:\\Program Files (x86)\\SAP\\FrontEnd\\SAPGUI\\sapfront.HLP', 393215, 0), None)
2025-08-21 11:01:53,623 - INFO - ? Testing description_field: /app/con[0]/ses[0]/wnd[0]/usr/subBLOCK:SAPLKACB:1002/txtTEXT_AUFNR
2025-08-21 11:01:53,625 - ERROR -    ? Field NOT found: (-2147352567, 'Exception occurred.', (619, 'SAP Frontend Server', 'The control could not be found by id.', 'C:\\Program Files (x86)\\SAP\\FrontEnd\\SAPGUI\\sapfront.HLP', 393215, 0), None)
2025-08-21 11:01:53,626 - INFO - ============================================================
2025-08-21 11:01:53,626 - INFO - ? Field Test Summary:
2025-08-21 11:01:53,627 - INFO -    material_field: ? ACCESSIBLE
2025-08-21 11:01:53,627 - INFO -    mrp_area_field: ? ACCESSIBLE
2025-08-21 11:01:53,628 - INFO -    plant_field: ? ACCESSIBLE
2025-08-21 11:01:53,629 - ERROR -    matres_field: ? NOT ACCESSIBLE
2025-08-21 11:01:53,629 - ERROR -    description_field: ? NOT ACCESSIBLE
2025-08-21 11:01:56,157 - INFO - ? Testing field filling...
2025-08-21 11:01:57,231 - INFO - ? Individual access tab selected
2025-08-21 11:01:57,235 - INFO - ? Filling material_field with: '857-A65473-106'
2025-08-21 11:01:57,243 - INFO - ? Extracting description from reservation details screen...
2025-08-21 11:02:01,618 - INFO - ? Description extracted: KIT,N2 TUNNEL SEAL,CORVUS R
2025-08-21 11:02:02,620 - INFO - ? Filling mrp_area_field with: '1000'
2025-08-21 11:02:02,630 - INFO - ? Extracting description from reservation details screen...
2025-08-21 11:02:06,915 - INFO - ? Description extracted: KIT,N2 TUNNEL SEAL,CORVUS R
2025-08-21 11:02:06,916 - INFO - ? Auto-pressing Enter to execute query...
2025-08-21 11:02:06,917 - INFO - ? Executing query automatically by pressing Enter...
2025-08-21 11:02:07,935 - INFO - ? Enter key pressed successfully!
2025-08-21 11:02:11,969 - INFO - ? Query executed - Current Transaction: MD04
2025-08-21 11:02:11,970 - INFO - ? Current Window: Stock/Requirements List: Initial Screen
2025-08-21 11:02:16,973 - INFO - ? Testing MatRes detection and focusing...
2025-08-21 11:02:16,974 - INFO - ? Scanning for MatRes element to focus...
2025-08-21 11:02:18,444 - ERROR - ? MatRes element not found
2025-08-21 11:02:18,445 - ERROR - ? MatRes test FAILED!
2025-08-21 11:02:22,245 - INFO - ? Testing field filling...
2025-08-21 11:02:23,358 - INFO - ? Individual access tab selected
2025-08-21 11:02:23,360 - INFO - ? Filling material_field with: '857-A65473-106'
2025-08-21 11:02:23,369 - INFO - ? Extracting description from reservation details screen...
2025-08-21 11:02:28,061 - INFO - ? Description extracted: KIT,N2 TUNNEL SEAL,CORVUS R
2025-08-21 11:02:29,063 - INFO - ? Filling mrp_area_field with: '1000'
2025-08-21 11:02:29,072 - INFO - ? Extracting description from reservation details screen...
2025-08-21 11:02:33,468 - INFO - ? Description extracted: KIT,N2 TUNNEL SEAL,CORVUS R
2025-08-21 11:02:33,469 - INFO - ? Auto-pressing Enter to execute query...
2025-08-21 11:02:33,470 - INFO - ? Executing query automatically by pressing Enter...
2025-08-21 11:02:34,403 - INFO - ? Enter key pressed successfully!
2025-08-21 11:02:38,437 - INFO - ? Query executed - Current Transaction: MD04
2025-08-21 11:02:38,438 - INFO - ? Current Window: Stock/Requirements List: Initial Screen
2025-08-21 11:02:43,440 - INFO - ? Testing MatRes detection and focusing...
2025-08-21 11:02:43,441 - INFO - ? Scanning for MatRes element to focus...
2025-08-21 11:02:45,265 - ERROR - ? MatRes element not found
2025-08-21 11:02:45,266 - ERROR - ? MatRes test FAILED!
