2025-08-20 16:21:23,495 - INFO - SAP Backend Automation - Single Thread Version Started
2025-08-20 16:21:23,592 - INFO - This version runs in main thread - NO THREADING ISSUES!
2025-08-20 16:21:23,613 - INFO - Please connect to SAP to begin...
2025-08-20 16:21:49,878 - INFO - Connecting to SAP GUI Scripting API...
2025-08-20 16:21:52,388 - INFO - Successfully connected to SAP: PRD Client 250 User JHASH
2025-08-20 16:21:55,789 - INFO - Testing SAP connection...
2025-08-20 16:21:55,825 - INFO - Current Transaction: SESSION_MANAGER
2025-08-20 16:21:55,831 - INFO - Screen Number: 100
2025-08-20 16:21:55,849 - INFO - Executing transaction: MD04
2025-08-20 16:21:58,820 - INFO - Transaction MD04 loaded successfully
2025-08-20 16:21:58,827 - INFO - SAP connection test successful!
2025-08-20 16:22:16,676 - INFO - Starting single-thread automation for 1 parts
2025-08-20 16:22:16,689 - INFO - Running in main thread - no threading issues!
2025-08-20 16:22:16,702 - INFO - Processing part: 857-A65473-106
2025-08-20 16:22:16,707 - INFO - Executing transaction: MD04
2025-08-20 16:22:19,100 - INFO - Transaction MD04 loaded successfully
2025-08-20 16:22:19,134 - ERROR - Could not enter material number: (-2147352567, 'Exception occurred.', (619, 'SAP Frontend Server', 'The control could not be found by id.', 'C:\\Program Files (x86)\\SAP\\FrontEnd\\SAPGUI\\sapfront.HLP', 393215, 0), None)
2025-08-20 16:22:19,164 - ERROR - [X] Failed to extract data for 857-A65473-106: Could not enter material number: (-2147352567, 'Exception occurred.', (619, 'SAP Frontend Server', 'The control could not be found by id.', 'C:\\Program Files (x86)\\SAP\\FrontEnd\\SAPGUI\\sapfront.HLP', 393215, 0), None)
2025-08-20 16:22:19,674 - INFO - [OK] Single-thread automation completed!
2025-08-20 16:22:19,697 - INFO - Results: 0 successful, 1 failed
2025-08-20 16:22:19,701 - INFO - Total time: 3.0s
2025-08-20 16:22:41,152 - INFO - Starting single-thread automation for 1 parts
2025-08-20 16:22:41,172 - INFO - Running in main thread - no threading issues!
2025-08-20 16:22:41,187 - INFO - Processing part: 857-A65473-106
2025-08-20 16:22:41,199 - INFO - Executing transaction: MD04
2025-08-20 16:22:43,676 - INFO - Transaction MD04 loaded successfully
2025-08-20 16:22:43,700 - ERROR - Could not enter material number: (-2147352567, 'Exception occurred.', (619, 'SAP Frontend Server', 'The control could not be found by id.', 'C:\\Program Files (x86)\\SAP\\FrontEnd\\SAPGUI\\sapfront.HLP', 393215, 0), None)
2025-08-20 16:22:43,729 - ERROR - [X] Failed to extract data for 857-A65473-106: Could not enter material number: (-2147352567, 'Exception occurred.', (619, 'SAP Frontend Server', 'The control could not be found by id.', 'C:\\Program Files (x86)\\SAP\\FrontEnd\\SAPGUI\\sapfront.HLP', 393215, 0), None)
2025-08-20 16:22:44,237 - INFO - [OK] Single-thread automation completed!
2025-08-20 16:22:44,254 - INFO - Results: 0 successful, 1 failed
2025-08-20 16:22:44,258 - INFO - Total time: 3.1s
2025-08-20 17:29:01,745 - INFO - Application closed by user
