2025-08-21 08:57:56,569 - INFO - SAP Final Working Version Started
2025-08-21 08:57:56,812 - INFO - Using YOUR exact field IDs from the scan!
2025-08-21 08:57:56,823 - INFO - Field IDs configured:
2025-08-21 08:57:56,828 - INFO -   material_field: /app/con[0]/ses[0]/wnd[0]/usr/tabsTAB300/tabpF01/ssubINCLUDE300:SAPMM61R:0301/ctxtRM61R-MATNR
2025-08-21 08:57:56,837 - INFO -   mrp_area_field: /app/con[0]/ses[0]/wnd[0]/usr/tabsTAB300/tabpF01/ssubINCLUDE300:SAPMM61R:0301/ctxtRM61R-BERID
2025-08-21 08:57:56,842 - INFO -   plant_field: /app/con[0]/ses[0]/wnd[0]/usr/tabsTAB300/tabpF01/ssubINCLUDE300:SAPMM61R:0301/ctxtRM61R-WERKS
2025-08-21 08:57:56,852 - INFO -   description_field: /app/con[0]/ses[0]/wnd[0]/usr/tabsTAB300/tabpF01/ssubINCLUDE300:SAPMM61R:0301/txtMT61D-MAKTX
2025-08-21 08:57:56,854 - INFO - Please connect to SAP to begin...
2025-08-21 08:58:04,311 - INFO - Connecting to SAP GUI...
2025-08-21 08:58:05,944 - INFO - Successfully connected to SAP: PRD Client 250 User JHASH
2025-08-21 08:58:10,089 - INFO - === PROCESSING PART: 857-A65473-106 ===
2025-08-21 08:58:10,096 - INFO - Navigating to MD04...
2025-08-21 08:58:14,105 - INFO - Current transaction: MD04
2025-08-21 08:58:14,107 - INFO - Window title: Stock/Requirements List: Initial Screen
2025-08-21 08:58:15,128 - INFO - [OK] Individual access tab selected
2025-08-21 08:58:15,132 - INFO - Entering material number: 857-A65473-106
2025-08-21 08:58:15,869 - ERROR - Error making field editable: (-2147352567, 'Exception occurred.', (617, 'SAP Frontend Server', 'The virtual key is not enabled.', None, 0, 0), None)
2025-08-21 08:58:15,876 - INFO - Trying method 1 to enter material number...
2025-08-21 08:58:16,454 - INFO - [OK] Material number entered successfully: 857-A65473-106
2025-08-21 08:58:17,141 - ERROR - Error making field editable: (-2147352567, 'Exception occurred.', (617, 'SAP Frontend Server', 'The virtual key is not enabled.', None, 0, 0), None)
2025-08-21 08:58:17,215 - INFO - [OK] MRP area entered: 1000
2025-08-21 08:58:17,216 - INFO - Executing query...
2025-08-21 08:58:20,986 - ERROR - Error extracting description: (-2147352567, 'Exception occurred.', (619, 'SAP Frontend Server', 'The control could not be found by id.', 'C:\\Program Files (x86)\\SAP\\FrontEnd\\SAPGUI\\sapfront.HLP', 393215, 0), None)
2025-08-21 08:58:20,988 - INFO - [OK] Processing completed for 857-A65473-106
