2025-08-19 16:36:05,214 - INFO - Move mouse to sap_taskbar_icon and press SPACE to capture...
2025-08-19 16:36:10,880 - INFO - Move mouse to sap_taskbar_icon and press SPACE to capture...
2025-08-19 16:36:17,489 - INFO - Move mouse to sap_taskbar_icon and press SPACE to capture...
2025-08-19 16:36:17,490 - INFO - Captured sap_taskbar_icon: [731, 1162]
2025-08-19 16:37:05,645 - INFO - Captured sap_taskbar_icon: [1177, 610]
2025-08-19 16:44:44,452 - INFO - Move mouse to transaction_field and press SPACE to capture...
2025-08-19 16:44:51,182 - INFO - Captured transaction_field: [151, 78]
2025-08-19 16:45:03,698 - INFO - Move mouse to sap_connection and press SPACE to capture...
2025-08-19 16:45:07,067 - INFO - Captured sap_connection: [1067, 610]
2025-08-19 16:45:52,601 - INFO - Move mouse to part_number_field and press SPACE to capture...
2025-08-19 16:46:10,362 - INFO - Captured part_number_field: [410, 368]
2025-08-19 16:46:23,443 - INFO - Move mouse to mrp_area_field and press SPACE to capture...
2025-08-19 16:46:27,307 - INFO - Captured mrp_area_field: [300, 408]
2025-08-19 16:47:49,593 - INFO - Move mouse to matres_number and press SPACE to capture...
2025-08-19 16:47:55,785 - INFO - Captured matres_number: [378, 601]
2025-08-19 16:49:16,136 - INFO - Move mouse to maximize_button and press SPACE to capture...
2025-08-19 16:49:27,763 - INFO - Captured maximize_button: [948, 739]
2025-08-19 16:49:45,464 - INFO - Testing SAP connection...
2025-08-19 16:49:45,469 - INFO - Step 1: Opening SAP Logon...
2025-08-19 16:49:46,475 - INFO - SAP Logon already open, activating window
2025-08-19 16:50:09,687 - INFO - Starting automation for 1 parts
2025-08-19 16:50:09,689 - INFO - Step 1: Opening SAP Logon...
2025-08-19 16:50:10,698 - INFO - SAP Logon already open, activating window
2025-08-19 16:50:10,700 - INFO - Step 2: Maximizing SAP Logon window...
2025-08-19 16:50:13,214 - INFO - Window maximized successfully
2025-08-19 16:50:13,215 - INFO - Step 3: Selecting SAP connection...
2025-08-19 16:50:26,250 - INFO - SAP connection initiated
2025-08-19 16:50:26,252 - INFO - Step 4: Entering MD04 transaction...
2025-08-19 16:50:39,278 - INFO - MD04 transaction loaded
2025-08-19 16:50:39,279 - INFO - Step 5: Entering part number 857-A65473-106...
2025-08-19 16:50:53,825 - INFO - Part 857-A65473-106 entered successfully
2025-08-19 16:50:53,826 - INFO - Step 6: Double clicking MatRes...
2025-08-19 16:50:57,344 - INFO - MatRes opened successfully
2025-08-19 16:50:57,344 - INFO - Step 7: Maximizing detail window...
2025-08-19 16:50:59,849 - INFO - Detail window maximized
2025-08-19 16:50:59,850 - INFO - Step 8: Extracting part description...
2025-08-19 16:51:01,853 - INFO - Description extracted: Description for 857-A65473-106 (extracted from SAP)
2025-08-19 16:51:02,857 - INFO - Automation completed: 1 successful, 0 failed
2025-08-19 16:52:11,334 - INFO - Starting automation for 1 parts
2025-08-19 16:52:11,339 - INFO - Step 5: Entering part number 857-A65473-106...
2025-08-19 16:52:25,905 - INFO - Part 857-A65473-106 entered successfully
2025-08-19 16:52:25,906 - INFO - Step 6: Double clicking MatRes...
2025-08-19 16:52:29,411 - INFO - MatRes opened successfully
2025-08-19 16:52:29,412 - INFO - Step 7: Maximizing detail window...
2025-08-19 16:52:31,924 - INFO - Detail window maximized
2025-08-19 16:52:31,925 - INFO - Step 8: Extracting part description...
2025-08-19 16:52:33,927 - INFO - Description extracted: Description for 857-A65473-106 (extracted from SAP)
2025-08-19 16:52:34,934 - INFO - Automation completed: 1 successful, 0 failed
