2025-08-28 07:19:39,505 - INFO - SAP Automation Started - Multi-Part Processing
2025-08-28 07:19:45,989 - INFO - Connecting to SAP dashboard...
2025-08-28 07:19:48,013 - INFO - Successfully connected to SAP: PRD Client 250 User JHASH
2025-08-28 07:19:52,393 - INFO - Starting automation for 4 parts...
2025-08-28 07:19:52,394 - INFO - Processing part 1/4: 857-A65473-106
2025-08-28 07:19:52,412 - INFO - Navigating to MD04...
2025-08-28 07:19:57,520 - INFO - Individual access tab selected
2025-08-28 07:19:57,522 - INFO - Filling material_field with: '857-A65473-106'
2025-08-28 07:19:58,031 - INFO - Filling mrp_area_field with: '1000'
2025-08-28 07:19:58,546 - INFO - Executing query by pressing Enter...
2025-08-28 07:20:03,786 - INFO - Scanning for MatRes element...
2025-08-28 07:20:07,537 - WARNING - Failed to process (added empty record): 857-A65473-106
2025-08-28 07:20:09,552 - INFO - Processing part 2/4: 684-B20512-006
2025-08-28 07:20:09,555 - INFO - Pressing F3 to go back...
2025-08-28 07:20:10,455 - INFO - Filling next part field with: 684-B20512-006
2025-08-28 07:20:10,457 - INFO - Primary field failed, using MD04 fallback...
2025-08-28 07:20:12,752 - INFO - Successfully filled MD04 field
2025-08-28 07:20:14,775 - INFO - Quick MatRes scan...
2025-08-28 07:20:17,889 - WARNING - Failed to process (added empty record): 684-B20512-006
2025-08-28 07:20:19,901 - INFO - Processing part 3/4: 813-B97886-001
2025-08-28 07:20:19,903 - INFO - Pressing F3 to go back...
2025-08-28 07:20:20,745 - INFO - Filling next part field with: 813-B97886-001
2025-08-28 07:20:20,748 - INFO - Primary field failed, using MD04 fallback...
2025-08-28 07:20:23,186 - INFO - Successfully filled MD04 field
2025-08-28 07:20:25,184 - INFO - Quick MatRes scan...
2025-08-28 07:20:28,321 - WARNING - Failed to process (added empty record): 813-B97886-001
2025-08-28 07:20:30,334 - INFO - Processing part 4/4: 660-300316-500
2025-08-28 07:20:30,337 - INFO - Pressing F3 to go back...
2025-08-28 07:20:31,225 - INFO - Filling next part field with: 660-300316-500
2025-08-28 07:20:31,227 - INFO - Primary field failed, using MD04 fallback...
2025-08-28 07:20:33,574 - INFO - Successfully filled MD04 field
2025-08-28 07:20:35,651 - INFO - Quick MatRes scan...
2025-08-28 07:20:38,720 - WARNING - Failed to process (added empty record): 660-300316-500
2025-08-28 07:20:40,733 - INFO - ============================================================
2025-08-28 07:20:40,735 - INFO - Processing completed! Total: 4, Successful: 0
