2025-08-28 10:45:33,640 - INFO - SAP Automation Started - Multi-Part Processing
2025-08-28 10:50:37,096 - INFO - Connecting to SAP dashboard...
2025-08-28 10:50:39,592 - INFO - Successfully connected to SAP: PRD Client 250 User JHASH
2025-08-28 10:51:01,755 - INFO - Starting automation for 4 parts...
2025-08-28 10:51:01,761 - INFO - Processing part 1/4: 857-A65473-106
2025-08-28 10:51:01,799 - INFO - Navigating to MD04...
2025-08-28 10:51:07,533 - INFO - Individual access tab selected
2025-08-28 10:51:07,536 - INFO - Filling material_field with: '857-A65473-106'
2025-08-28 10:51:08,067 - INFO - Filling mrp_area_field with: '1000'
2025-08-28 10:51:08,597 - INFO - Executing query by pressing Enter...
2025-08-28 10:51:14,387 - INFO - Scanning for MatRes element...
2025-08-28 10:51:22,350 - INFO - Pressing F7 to maximize...
2025-08-28 10:51:29,820 - INFO - Extracting data from page...
2025-08-28 10:51:29,851 - INFO - Extracted Material: 857-A65473-106
2025-08-28 10:51:29,872 - INFO - Extracted Part_Description: CE Sense.i - Akara BL (OPEX)
2025-08-28 10:51:29,890 - INFO - Extracted Recipient: RPM 619514
2025-08-28 10:51:29,905 - INFO - Extracted Order: 229663
2025-08-28 10:51:29,908 - INFO - Successfully processed: 857-A65473-106
2025-08-28 10:51:31,921 - INFO - Processing part 2/4: 684-B20512-006
2025-08-28 10:51:31,925 - INFO - Pressing F3 to go back...
2025-08-28 10:51:34,761 - INFO - Filling next part field with: 684-B20512-006
2025-08-28 10:51:35,290 - INFO - Successfully filled field using: /app/con[0]/ses[0]/wnd[0]/usr/subINCLUDE8XX:SAPMM61R:0800/ctxtRM61R-MATNR
2025-08-28 10:51:39,225 - INFO - Scanning for MatRes element...
2025-08-28 10:51:47,949 - WARNING - Failed to process (added empty record): 684-B20512-006
2025-08-28 10:51:49,952 - INFO - Processing part 3/4: 813-B97886-001
2025-08-28 10:51:49,955 - INFO - Pressing F3 to go back...
2025-08-28 10:51:52,528 - INFO - Filling next part field with: 813-B97886-001
2025-08-28 10:51:52,535 - WARNING - Field /app/con[0]/ses[0]/wnd[0]/usr/subINCLUDE8XX:SAPMM61R:0800/ctxtRM61R-MATNR not found: (-2147352567, 'Exception occurred.', (619, 'SAP Frontend Server', 'The control could not be found by id.', 'C:\\Program Files (x86)\\SAP\\FrontEnd\\SAPGUI\\sapfront.HLP', 393215, 0), None)
2025-08-28 10:51:52,543 - WARNING - Field /app/con[0]/ses[0]/wnd[0]/usr/tabsTAB300/tabpF01/ssubINCLUDE300:SAPMM61R:0301/ctxtRM61R-MATNR not found: (-2147352567, 'Exception occurred.', (619, 'SAP Frontend Server', 'The control could not be found by id.', 'C:\\Program Files (x86)\\SAP\\FrontEnd\\SAPGUI\\sapfront.HLP', 393215, 0), None)
2025-08-28 10:51:52,550 - WARNING - Field /app/con[0]/ses[0]/wnd[0]/usr/ctxtRM61R-MATNR not found: (-2147352567, 'Exception occurred.', (619, 'SAP Frontend Server', 'The control could not be found by id.', 'C:\\Program Files (x86)\\SAP\\FrontEnd\\SAPGUI\\sapfront.HLP', 393215, 0), None)
2025-08-28 10:51:52,558 - WARNING - Field /app/con[0]/ses[0]/wnd[0]/usr/subINCLUDE300:SAPMM61R:0301/ctxtRM61R-MATNR not found: (-2147352567, 'Exception occurred.', (619, 'SAP Frontend Server', 'The control could not be found by id.', 'C:\\Program Files (x86)\\SAP\\FrontEnd\\SAPGUI\\sapfront.HLP', 393215, 0), None)
2025-08-28 10:51:52,563 - INFO - All next part fields failed, trying MD04 main field...
2025-08-28 10:51:58,160 - INFO - Successfully filled main MD04 field
2025-08-28 10:52:02,193 - INFO - Scanning for MatRes element...
2025-08-28 10:52:10,394 - WARNING - Failed to process (added empty record): 813-B97886-001
2025-08-28 10:52:12,408 - INFO - Processing part 4/4: 660-300316-500
2025-08-28 10:52:12,411 - INFO - Pressing F3 to go back...
2025-08-28 10:52:15,031 - INFO - Filling next part field with: 660-300316-500
2025-08-28 10:52:15,039 - WARNING - Field /app/con[0]/ses[0]/wnd[0]/usr/subINCLUDE8XX:SAPMM61R:0800/ctxtRM61R-MATNR not found: (-2147352567, 'Exception occurred.', (619, 'SAP Frontend Server', 'The control could not be found by id.', 'C:\\Program Files (x86)\\SAP\\FrontEnd\\SAPGUI\\sapfront.HLP', 393215, 0), None)
2025-08-28 10:52:15,046 - WARNING - Field /app/con[0]/ses[0]/wnd[0]/usr/tabsTAB300/tabpF01/ssubINCLUDE300:SAPMM61R:0301/ctxtRM61R-MATNR not found: (-2147352567, 'Exception occurred.', (619, 'SAP Frontend Server', 'The control could not be found by id.', 'C:\\Program Files (x86)\\SAP\\FrontEnd\\SAPGUI\\sapfront.HLP', 393215, 0), None)
2025-08-28 10:52:15,056 - WARNING - Field /app/con[0]/ses[0]/wnd[0]/usr/ctxtRM61R-MATNR not found: (-2147352567, 'Exception occurred.', (619, 'SAP Frontend Server', 'The control could not be found by id.', 'C:\\Program Files (x86)\\SAP\\FrontEnd\\SAPGUI\\sapfront.HLP', 393215, 0), None)
2025-08-28 10:52:15,062 - WARNING - Field /app/con[0]/ses[0]/wnd[0]/usr/subINCLUDE300:SAPMM61R:0301/ctxtRM61R-MATNR not found: (-2147352567, 'Exception occurred.', (619, 'SAP Frontend Server', 'The control could not be found by id.', 'C:\\Program Files (x86)\\SAP\\FrontEnd\\SAPGUI\\sapfront.HLP', 393215, 0), None)
2025-08-28 10:52:15,066 - INFO - All next part fields failed, trying MD04 main field...
2025-08-28 10:52:20,249 - INFO - Successfully filled main MD04 field
2025-08-28 10:52:24,574 - INFO - Scanning for MatRes element...
2025-08-28 10:52:32,300 - INFO - Pressing F7 to maximize...
2025-08-28 10:52:39,175 - INFO - Extracting data from page...
2025-08-28 10:52:39,193 - INFO - Extracted Material: 660-300316-500
2025-08-28 10:52:39,212 - INFO - Extracted Part_Description: CE Sense.i - AKARA BXE (OPEX)
2025-08-28 10:52:39,237 - INFO - Extracted Recipient: RPM0626282
2025-08-28 10:52:39,258 - INFO - Extracted Order: 231621
2025-08-28 10:52:39,263 - INFO - Successfully processed: 660-300316-500
2025-08-28 10:52:41,270 - INFO - ============================================================
2025-08-28 10:52:41,272 - INFO - Processing completed! Total: 4, Successful: 2
2025-08-28 10:59:56,689 - INFO - Exporting to: C:/Users/jhash/Documents/DEALr/downloads/SAP_Export_20250828_105953.xlsx
2025-08-28 10:59:56,962 - INFO - Successfully exported 4 records
