2025-08-28 07:23:07,725 - INFO - SAP Automation Started - Multi-Part Processing
2025-08-28 07:23:10,312 - INFO - Connecting to SAP dashboard...
2025-08-28 07:23:11,888 - INFO - Successfully connected to SAP: PRD Client 250 User JHASH
2025-08-28 07:23:25,042 - INFO - Connecting to SAP dashboard...
2025-08-28 07:23:26,665 - INFO - Successfully connected to SAP: PRD Client 250 User JHASH
2025-08-28 07:23:30,899 - INFO - Starting automation for 4 parts...
2025-08-28 07:23:30,901 - INFO - Processing part 1/4: 857-A65473-106
2025-08-28 07:23:30,916 - INFO - Navigating to MD04...
2025-08-28 07:23:35,970 - INFO - Individual access tab selected
2025-08-28 07:23:35,973 - INFO - Filling material_field with: '857-A65473-106'
2025-08-28 07:23:35,977 - ERROR - Error filling material_field: (-2147352567, 'Exception occurred.', (619, 'SAP Frontend Server', 'The control could not be found by id.', 'C:\\Program Files (x86)\\SAP\\FrontEnd\\SAPGUI\\sapfront.HLP', 393215, 0), None)
2025-08-28 07:23:35,979 - WARNING - Failed to process (added empty record): 857-A65473-106
2025-08-28 07:23:37,992 - INFO - Processing part 2/4: 684-B20512-006
2025-08-28 07:23:37,994 - INFO - Pressing F3 to go back...
2025-08-28 07:23:38,833 - INFO - Filling next part field with: 684-B20512-006
2025-08-28 07:23:38,835 - INFO - Primary field failed, using MD04 fallback...
2025-08-28 07:23:40,978 - ERROR - Error processing next part 684-B20512-006: Both field methods failed: (-2147352567, 'Exception occurred.', (619, 'SAP Frontend Server', 'The control could not be found by id.', 'C:\\Program Files (x86)\\SAP\\FrontEnd\\SAPGUI\\sapfront.HLP', 393215, 0), None)
2025-08-28 07:23:40,979 - WARNING - Failed to process (added empty record): 684-B20512-006
2025-08-28 07:23:42,991 - INFO - Processing part 3/4: 813-B97886-001
2025-08-28 07:23:42,993 - INFO - Pressing F3 to go back...
2025-08-28 07:23:43,869 - INFO - Filling next part field with: 813-B97886-001
2025-08-28 07:23:43,871 - INFO - Primary field failed, using MD04 fallback...
2025-08-28 07:23:45,920 - ERROR - Error processing next part 813-B97886-001: Both field methods failed: (-2147352567, 'Exception occurred.', (619, 'SAP Frontend Server', 'The control could not be found by id.', 'C:\\Program Files (x86)\\SAP\\FrontEnd\\SAPGUI\\sapfront.HLP', 393215, 0), None)
2025-08-28 07:23:45,922 - WARNING - Failed to process (added empty record): 813-B97886-001
2025-08-28 07:23:47,925 - INFO - Processing part 4/4: 660-300316-500
2025-08-28 07:23:47,928 - INFO - Pressing F3 to go back...
2025-08-28 07:23:48,791 - INFO - Filling next part field with: 660-300316-500
2025-08-28 07:23:48,794 - INFO - Primary field failed, using MD04 fallback...
2025-08-28 07:23:50,811 - ERROR - Error processing next part 660-300316-500: Both field methods failed: (-2147352567, 'Exception occurred.', (619, 'SAP Frontend Server', 'The control could not be found by id.', 'C:\\Program Files (x86)\\SAP\\FrontEnd\\SAPGUI\\sapfront.HLP', 393215, 0), None)
2025-08-28 07:23:50,813 - WARNING - Failed to process (added empty record): 660-300316-500
2025-08-28 07:23:52,824 - INFO - ============================================================
2025-08-28 07:23:52,826 - INFO - Processing completed! Total: 4, Successful: 0
2025-08-28 10:15:25,828 - INFO - Connecting to SAP dashboard...
2025-08-28 10:15:27,788 - INFO - Successfully connected to SAP: PRD Client 250 User JHASH
2025-08-28 10:15:35,385 - INFO - Starting automation for 4 parts...
2025-08-28 10:15:35,390 - INFO - Processing part 1/4: 857-A65473-106
2025-08-28 10:15:35,435 - INFO - Navigating to MD04...
2025-08-28 10:15:41,061 - INFO - Individual access tab selected
2025-08-28 10:15:41,066 - INFO - Filling material_field with: '857-A65473-106'
2025-08-28 10:15:41,589 - INFO - Filling mrp_area_field with: '1000'
2025-08-28 10:15:42,116 - INFO - Executing query by pressing Enter...
2025-08-28 10:15:48,750 - INFO - Scanning for MatRes element...
2025-08-28 10:15:54,832 - WARNING - Failed to process (added empty record): 857-A65473-106
2025-08-28 10:15:56,843 - INFO - Processing part 2/4: 684-B20512-006
2025-08-28 10:15:56,848 - INFO - Pressing F3 to go back...
2025-08-28 10:15:57,906 - INFO - Filling next part field with: 684-B20512-006
2025-08-28 10:15:57,914 - INFO - Primary field failed, using MD04 fallback...
2025-08-28 10:16:00,872 - INFO - Successfully filled MD04 field
2025-08-28 10:16:03,221 - INFO - Scanning for MatRes element...
2025-08-28 10:16:10,744 - WARNING - Failed to process (added empty record): 684-B20512-006
2025-08-28 10:16:12,759 - INFO - Processing part 3/4: 813-B97886-001
2025-08-28 10:16:12,762 - INFO - Pressing F3 to go back...
2025-08-28 10:16:13,885 - INFO - Filling next part field with: 813-B97886-001
2025-08-28 10:16:13,893 - INFO - Primary field failed, using MD04 fallback...
2025-08-28 10:16:19,858 - INFO - Successfully filled MD04 field
2025-08-28 10:16:22,724 - INFO - Scanning for MatRes element...
2025-08-28 10:16:31,246 - WARNING - Failed to process (added empty record): 813-B97886-001
2025-08-28 10:16:33,261 - INFO - Processing part 4/4: 660-300316-500
2025-08-28 10:16:33,265 - INFO - Pressing F3 to go back...
2025-08-28 10:16:34,297 - INFO - Filling next part field with: 660-300316-500
2025-08-28 10:16:34,303 - INFO - Primary field failed, using MD04 fallback...
2025-08-28 10:16:36,936 - INFO - Successfully filled MD04 field
2025-08-28 10:16:39,219 - INFO - Scanning for MatRes element...
2025-08-28 10:16:45,973 - INFO - Pressing F7 to maximize...
2025-08-28 10:16:51,223 - INFO - Extracting data from page...
2025-08-28 10:16:51,234 - INFO - Extracted Material: 660-300316-500
2025-08-28 10:16:51,245 - INFO - Extracted Part_Description: CE Sense.i - AKARA BXE (OPEX)
2025-08-28 10:16:51,255 - INFO - Extracted Recipient: RPM0626282
2025-08-28 10:16:51,267 - INFO - Extracted Order: 231621
2025-08-28 10:16:51,271 - INFO - Successfully processed: 660-300316-500
2025-08-28 10:16:53,283 - INFO - ============================================================
2025-08-28 10:16:53,286 - INFO - Processing completed! Total: 4, Successful: 1
