2025-08-28 06:32:09,931 - INFO - SAP Automation Started - Multi-Part Processing
2025-08-28 06:32:14,048 - INFO - Connecting to SAP dashboard...
2025-08-28 06:32:15,796 - INFO - Successfully connected to SAP: PRD Client 250 User JHASH
2025-08-28 06:32:20,804 - INFO - Starting automation for 4 parts...
2025-08-28 06:32:20,806 - INFO - Processing part 1/4: 857-A65473-106
2025-08-28 06:32:20,821 - INFO - Navigating to MD04...
2025-08-28 06:32:25,809 - INFO - Individual access tab selected
2025-08-28 06:32:25,811 - INFO - Filling material_field with: '857-A65473-106'
2025-08-28 06:32:26,329 - INFO - Filling mrp_area_field with: '1000'
2025-08-28 06:32:26,840 - INFO - Executing query by pressing Enter...
2025-08-28 06:32:31,958 - INFO - Scanning for MatRes element...
2025-08-28 06:32:36,614 - INFO - Pressing F7 to maximize...
2025-08-28 06:32:42,921 - INFO - Extracting data from page...
2025-08-28 06:32:42,926 - INFO - Extracted Material: 857-A65473-106
2025-08-28 06:32:42,933 - INFO - Extracted Part_Description: CE Sense.i - Akara BL (OPEX)
2025-08-28 06:32:42,938 - INFO - Extracted Recipient: RPM 619514
2025-08-28 06:32:42,943 - INFO - Extracted Order: 229663
2025-08-28 06:32:42,944 - INFO - Successfully processed: 857-A65473-106
2025-08-28 06:32:44,946 - INFO - Processing part 2/4: 684-B20512-006
2025-08-28 06:32:44,949 - INFO - Pressing F3 to go back...
2025-08-28 06:32:47,299 - INFO - Filling next part field with: 684-B20512-006
2025-08-28 06:32:51,191 - INFO - Scanning for MatRes element...
2025-08-28 06:32:55,380 - WARNING - Failed to process (added empty record): 684-B20512-006
2025-08-28 06:32:57,395 - INFO - Processing part 3/4: 813-B97886-001
2025-08-28 06:32:57,397 - INFO - Pressing F3 to go back...
2025-08-28 06:32:59,732 - INFO - Filling next part field with: 813-B97886-001
2025-08-28 06:32:59,734 - ERROR - Error processing next part 813-B97886-001: Failed to fill next part field: (-2147352567, 'Exception occurred.', (619, 'SAP Frontend Server', 'The control could not be found by id.', 'C:\\Program Files (x86)\\SAP\\FrontEnd\\SAPGUI\\sapfront.HLP', 393215, 0), None)
2025-08-28 06:32:59,736 - WARNING - Failed to process (added empty record): 813-B97886-001
2025-08-28 06:33:01,746 - INFO - Processing part 4/4: 660-300316-500
2025-08-28 06:33:01,748 - INFO - Pressing F3 to go back...
2025-08-28 06:33:04,110 - INFO - Filling next part field with: 660-300316-500
2025-08-28 06:33:04,114 - ERROR - Error processing next part 660-300316-500: Failed to fill next part field: (-2147352567, 'Exception occurred.', (619, 'SAP Frontend Server', 'The control could not be found by id.', 'C:\\Program Files (x86)\\SAP\\FrontEnd\\SAPGUI\\sapfront.HLP', 393215, 0), None)
2025-08-28 06:33:04,114 - WARNING - Failed to process (added empty record): 660-300316-500
2025-08-28 06:33:06,129 - INFO - ============================================================
2025-08-28 06:33:06,131 - INFO - Processing completed! Total: 4, Successful: 1
2025-08-28 06:33:28,754 - ERROR - Export failed: bad option "-initialname": must be -confirmoverwrite, -defaultextension, -filetypes, -initialdir, -initialfile, -parent, -title, or -typevariable
